Archive member included to satisfy reference by file (symbol)

D:/ST/STM32CubeIDE_1.9.0/STM32CubeIDE/plugins/com.st.stm32cube.ide.mcu.externaltools.gnu-tools-for-stm32.11.3.rel1.win32_1.1.0.202305231506/tools/bin/../lib/gcc/arm-none-eabi/11.3.1/../../../../arm-none-eabi/lib/thumb/v7e-m+fp/hard\libc_nano.a(libc_a-exit.o)
                              D:/ST/STM32CubeIDE_1.9.0/STM32CubeIDE/plugins/com.st.stm32cube.ide.mcu.externaltools.gnu-tools-for-stm32.11.3.rel1.win32_1.1.0.202305231506/tools/bin/../lib/gcc/arm-none-eabi/11.3.1/../../../../arm-none-eabi/lib/thumb/v7e-m+fp/hard/crt0.o (exit)
D:/ST/STM32CubeIDE_1.9.0/STM32CubeIDE/plugins/com.st.stm32cube.ide.mcu.externaltools.gnu-tools-for-stm32.11.3.rel1.win32_1.1.0.202305231506/tools/bin/../lib/gcc/arm-none-eabi/11.3.1/../../../../arm-none-eabi/lib/thumb/v7e-m+fp/hard\libc_nano.a(libc_a-findfp.o)
                              D:/ST/STM32CubeIDE_1.9.0/STM32CubeIDE/plugins/com.st.stm32cube.ide.mcu.externaltools.gnu-tools-for-stm32.11.3.rel1.win32_1.1.0.202305231506/tools/bin/../lib/gcc/arm-none-eabi/11.3.1/../../../../arm-none-eabi/lib/thumb/v7e-m+fp/hard\libc_nano.a(libc_a-exit.o) (__stdio_exit_handler)
D:/ST/STM32CubeIDE_1.9.0/STM32CubeIDE/plugins/com.st.stm32cube.ide.mcu.externaltools.gnu-tools-for-stm32.11.3.rel1.win32_1.1.0.202305231506/tools/bin/../lib/gcc/arm-none-eabi/11.3.1/../../../../arm-none-eabi/lib/thumb/v7e-m+fp/hard\libc_nano.a(libc_a-fwalk.o)
                              D:/ST/STM32CubeIDE_1.9.0/STM32CubeIDE/plugins/com.st.stm32cube.ide.mcu.externaltools.gnu-tools-for-stm32.11.3.rel1.win32_1.1.0.202305231506/tools/bin/../lib/gcc/arm-none-eabi/11.3.1/../../../../arm-none-eabi/lib/thumb/v7e-m+fp/hard\libc_nano.a(libc_a-findfp.o) (_fwalk_sglue)
D:/ST/STM32CubeIDE_1.9.0/STM32CubeIDE/plugins/com.st.stm32cube.ide.mcu.externaltools.gnu-tools-for-stm32.11.3.rel1.win32_1.1.0.202305231506/tools/bin/../lib/gcc/arm-none-eabi/11.3.1/../../../../arm-none-eabi/lib/thumb/v7e-m+fp/hard\libc_nano.a(libc_a-stdio.o)
                              D:/ST/STM32CubeIDE_1.9.0/STM32CubeIDE/plugins/com.st.stm32cube.ide.mcu.externaltools.gnu-tools-for-stm32.11.3.rel1.win32_1.1.0.202305231506/tools/bin/../lib/gcc/arm-none-eabi/11.3.1/../../../../arm-none-eabi/lib/thumb/v7e-m+fp/hard\libc_nano.a(libc_a-findfp.o) (__sread)
D:/ST/STM32CubeIDE_1.9.0/STM32CubeIDE/plugins/com.st.stm32cube.ide.mcu.externaltools.gnu-tools-for-stm32.11.3.rel1.win32_1.1.0.202305231506/tools/bin/../lib/gcc/arm-none-eabi/11.3.1/../../../../arm-none-eabi/lib/thumb/v7e-m+fp/hard\libc_nano.a(libc_a-memset.o)
                              D:/ST/STM32CubeIDE_1.9.0/STM32CubeIDE/plugins/com.st.stm32cube.ide.mcu.externaltools.gnu-tools-for-stm32.11.3.rel1.win32_1.1.0.202305231506/tools/bin/../lib/gcc/arm-none-eabi/11.3.1/../../../../arm-none-eabi/lib/thumb/v7e-m+fp/hard/crt0.o (memset)
D:/ST/STM32CubeIDE_1.9.0/STM32CubeIDE/plugins/com.st.stm32cube.ide.mcu.externaltools.gnu-tools-for-stm32.11.3.rel1.win32_1.1.0.202305231506/tools/bin/../lib/gcc/arm-none-eabi/11.3.1/../../../../arm-none-eabi/lib/thumb/v7e-m+fp/hard\libc_nano.a(libc_a-closer.o)
                              D:/ST/STM32CubeIDE_1.9.0/STM32CubeIDE/plugins/com.st.stm32cube.ide.mcu.externaltools.gnu-tools-for-stm32.11.3.rel1.win32_1.1.0.202305231506/tools/bin/../lib/gcc/arm-none-eabi/11.3.1/../../../../arm-none-eabi/lib/thumb/v7e-m+fp/hard\libc_nano.a(libc_a-stdio.o) (_close_r)
D:/ST/STM32CubeIDE_1.9.0/STM32CubeIDE/plugins/com.st.stm32cube.ide.mcu.externaltools.gnu-tools-for-stm32.11.3.rel1.win32_1.1.0.202305231506/tools/bin/../lib/gcc/arm-none-eabi/11.3.1/../../../../arm-none-eabi/lib/thumb/v7e-m+fp/hard\libc_nano.a(libc_a-reent.o)
                              D:/ST/STM32CubeIDE_1.9.0/STM32CubeIDE/plugins/com.st.stm32cube.ide.mcu.externaltools.gnu-tools-for-stm32.11.3.rel1.win32_1.1.0.202305231506/tools/bin/../lib/gcc/arm-none-eabi/11.3.1/../../../../arm-none-eabi/lib/thumb/v7e-m+fp/hard\libc_nano.a(libc_a-closer.o) (errno)
D:/ST/STM32CubeIDE_1.9.0/STM32CubeIDE/plugins/com.st.stm32cube.ide.mcu.externaltools.gnu-tools-for-stm32.11.3.rel1.win32_1.1.0.202305231506/tools/bin/../lib/gcc/arm-none-eabi/11.3.1/../../../../arm-none-eabi/lib/thumb/v7e-m+fp/hard\libc_nano.a(libc_a-impure.o)
                              D:/ST/STM32CubeIDE_1.9.0/STM32CubeIDE/plugins/com.st.stm32cube.ide.mcu.externaltools.gnu-tools-for-stm32.11.3.rel1.win32_1.1.0.202305231506/tools/bin/../lib/gcc/arm-none-eabi/11.3.1/../../../../arm-none-eabi/lib/thumb/v7e-m+fp/hard\libc_nano.a(libc_a-reent.o) (_impure_ptr)
D:/ST/STM32CubeIDE_1.9.0/STM32CubeIDE/plugins/com.st.stm32cube.ide.mcu.externaltools.gnu-tools-for-stm32.11.3.rel1.win32_1.1.0.202305231506/tools/bin/../lib/gcc/arm-none-eabi/11.3.1/../../../../arm-none-eabi/lib/thumb/v7e-m+fp/hard\libc_nano.a(libc_a-lseekr.o)
[...]
Memory Configuration

Name             Origin             Length             Attributes
CCMRAM           0x0000000010000000 0x0000000000010000 xrw
RAM              0x0000000020000000 0x0000000000030000 xrw
FLASH            0x0000000008000000 0x0000000000200000 xr
*default*        0x0000000000000000 0xffffffffffffffff

Linker script and memory map

LOAD D:/ST/STM32CubeIDE_1.9.0/STM32CubeIDE/plugins/com.st.stm32cube.ide.mcu.externaltools.gnu-tools-for-stm32.11.3.rel1.win32_1.1.0.202305231506/tools/bin/../lib/gcc/arm-none-eabi/11.3.1/thumb/v7e-m+fp/hard/crti.o
LOAD D:/ST/STM32CubeIDE_1.9.0/STM32CubeIDE/plugins/com.st.stm32cube.ide.mcu.externaltools.gnu-tools-for-stm32.11.3.rel1.win32_1.1.0.202305231506/tools/bin/../lib/gcc/arm-none-eabi/11.3.1/thumb/v7e-m+fp/hard/crtbegin.o
LOAD D:/ST/STM32CubeIDE_1.9.0/STM32CubeIDE/plugins/com.st.stm32cube.ide.mcu.externaltools.gnu-tools-for-stm32.11.3.rel1.win32_1.1.0.202305231506/tools/bin/../lib/gcc/arm-none-eabi/11.3.1/../../../../arm-none-eabi/lib/thumb/v7e-m+fp/hard/crt0.o
LOAD ./Core/Src/led_effect.o
LOAD ./Core/Src/main.o
LOAD ./Core/Src/rtc.o
LOAD ./Core/Src/stm32f4xx_hal_msp.o
LOAD ./Core/Src/stm32f4xx_hal_timebase_tim.o
LOAD ./Core/Src/stm32f4xx_it.o
LOAD ./Core/Src/syscalls.o
LOAD ./Core/Src/system_stm32f4xx.o
LOAD ./Core/Src/task_handler.o
LOAD ./Core/Startup/startup_stm32f429zitx.o
LOAD ./Drivers/STM32F4xx_HAL_Driver/Src/stm32f4xx_hal.o
LOAD ./Drivers/STM32F4xx_HAL_Driver/Src/stm32f4xx_hal_cortex.o
LOAD ./Drivers/STM32F4xx_HAL_Driver/Src/stm32f4xx_hal_dma.o
LOAD ./Drivers/STM32F4xx_HAL_Driver/Src/stm32f4xx_hal_dma_ex.o
LOAD ./Drivers/STM32F4xx_HAL_Driver/Src/stm32f4xx_hal_exti.o
LOAD ./Drivers/STM32F4xx_HAL_Driver/Src/stm32f4xx_hal_flash.o
LOAD ./Drivers/STM32F4xx_HAL_Driver/Src/stm32f4xx_hal_flash_ex.o
LOAD ./Drivers/STM32F4xx_HAL_Driver/Src/stm32f4xx_hal_flash_ramfunc.o
LOAD ./Drivers/STM32F4xx_HAL_Driver/Src/stm32f4xx_hal_gpio.o
LOAD ./Drivers/STM32F4xx_HAL_Driver/Src/stm32f4xx_hal_pwr.o
LOAD ./Drivers/STM32F4xx_HAL_Driver/Src/stm32f4xx_hal_pwr_ex.o
LOAD ./Drivers/STM32F4xx_HAL_Driver/Src/stm32f4xx_hal_rcc.o
LOAD ./Drivers/STM32F4xx_HAL_Driver/Src/stm32f4xx_hal_rcc_ex.o
LOAD ./Drivers/STM32F4xx_HAL_Driver/Src/stm32f4xx_hal_rtc.o
LOAD ./Drivers/STM32F4xx_HAL_Driver/Src/stm32f4xx_hal_rtc_ex.o
LOAD ./Drivers/STM32F4xx_HAL_Driver/Src/stm32f4xx_hal_tim.o
LOAD ./Drivers/STM32F4xx_HAL_Driver/Src/stm32f4xx_hal_tim_ex.o
LOAD ./Drivers/STM32F4xx_HAL_Driver/Src/stm32f4xx_hal_uart.o
LOAD ./ThirdParty/MemMang/heap_4.o
LOAD ./ThirdParty/croutine.o
LOAD ./ThirdParty/event_groups.o
LOAD ./ThirdParty/list.o
LOAD ./ThirdParty/queue.o
LOAD ./ThirdParty/stream_buffer.o
LOAD ./ThirdParty/tasks.o
LOAD ./ThirdParty/timers.o
LOAD ./ThirdParty/portable/GCC/ARM_CM4F/port.o
START GROUP
LOAD D:/ST/STM32CubeIDE_1.9.0/STM32CubeIDE/plugins/com.st.stm32cube.ide.mcu.externaltools.gnu-tools-for-stm32.11.3.rel1.win32_1.1.0.202305231506/tools/bin/../lib/gcc/arm-none-eabi/11.3.1/../../../../arm-none-eabi/lib/thumb/v7e-m+fp/hard\libc_nano.a
LOAD D:/ST/STM32CubeIDE_1.9.0/STM32CubeIDE/plugins/com.st.stm32cube.ide.mcu.externaltools.gnu-tools-for-stm32.11.3.rel1.win32_1.1.0.202305231506/tools/bin/../lib/gcc/arm-none-eabi/11.3.1/../../../../arm-none-eabi/lib/thumb/v7e-m+fp/hard\libm.a
END GROUP
START GROUP
LOAD D:/ST/STM32CubeIDE_1.9.0/STM32CubeIDE/plugins/com.st.stm32cube.ide.mcu.externaltools.gnu-tools-for-stm32.11.3.rel1.win32_1.1.0.202305231506/tools/bin/../lib/gcc/arm-none-eabi/11.3.1/thumb/v7e-m+fp/hard\libgcc.a
LOAD D:/ST/STM32CubeIDE_1.9.0/STM32CubeIDE/plugins/com.st.stm32cube.ide.mcu.externaltools.gnu-tools-for-stm32.11.3.rel1.win32_1.1.0.202305231506/tools/bin/../lib/gcc/arm-none-eabi/11.3.1/../../../../arm-none-eabi/lib/thumb/v7e-m+fp/hard\libc_nano.a
END GROUP
START GROUP
LOAD D:/ST/STM32CubeIDE_1.9.0/STM32CubeIDE/plugins/com.st.stm32cube.ide.mcu.externaltools.gnu-tools-for-stm32.11.3.rel1.win32_1.1.0.202305231506/tools/bin/../lib/gcc/arm-none-eabi/11.3.1/thumb/v7e-m+fp/hard\libgcc.a
LOAD D:/ST/STM32CubeIDE_1.9.0/STM32CubeIDE/plugins/com.st.stm32cube.ide.mcu.externaltools.gnu-tools-for-stm32.11.3.rel1.win32_1.1.0.202305231506/tools/bin/../lib/gcc/arm-none-eabi/11.3.1/../../../../arm-none-eabi/lib/thumb/v7e-m+fp/hard\libc_nano.a
LOAD D:/ST/STM32CubeIDE_1.9.0/STM32CubeIDE/plugins/com.st.stm32cube.ide.mcu.externaltools.gnu-tools-for-stm32.11.3.rel1.win32_1.1.0.202305231506/tools/bin/../lib/gcc/arm-none-eabi/11.3.1/../../../../arm-none-eabi/lib/thumb/v7e-m+fp/hard\libnosys.a
END GROUP
START GROUP
LOAD D:/ST/STM32CubeIDE_1.9.0/STM32CubeIDE/plugins/com.st.stm32cube.ide.mcu.externaltools.gnu-tools-for-stm32.11.3.rel1.win32_1.1.0.202305231506/tools/bin/../lib/gcc/arm-none-eabi/11.3.1/thumb/v7e-m+fp/hard\libgcc.a
LOAD D:/ST/STM32CubeIDE_1.9.0/STM32CubeIDE/plugins/com.st.stm32cube.ide.mcu.externaltools.gnu-tools-for-stm32.11.3.rel1.win32_1.1.0.202305231506/tools/bin/../lib/gcc/arm-none-eabi/11.3.1/../../../../arm-none-eabi/lib/thumb/v7e-m+fp/hard\libc_nano.a
LOAD D:/ST/STM32CubeIDE_1.9.0/STM32CubeIDE/plugins/com.st.stm32cube.ide.mcu.externaltools.gnu-tools-for-stm32.11.3.rel1.win32_1.1.0.202305231506/tools/bin/../lib/gcc/arm-none-eabi/11.3.1/../../../../arm-none-eabi/lib/thumb/v7e-m+fp/hard\libnosys.a
END GROUP
LOAD D:/ST/STM32CubeIDE_1.9.0/STM32CubeIDE/plugins/com.st.stm32cube.ide.mcu.externaltools.gnu-tools-for-stm32.11.3.rel1.win32_1.1.0.202305231506/tools/bin/../lib/gcc/arm-none-eabi/11.3.1/thumb/v7e-m+fp/hard/crtend.o
LOAD D:/ST/STM32CubeIDE_1.9.0/STM32CubeIDE/plugins/com.st.stm32cube.ide.mcu.externaltools.gnu-tools-for-stm32.11.3.rel1.win32_1.1.0.202305231506/tools/bin/../lib/gcc/arm-none-eabi/11.3.1/thumb/v7e-m+fp/hard/crtn.o
                0x0000000020030000                _estack = (ORIGIN (RAM) + LENGTH (RAM))
                0x0000000000000200                _Min_Heap_Size = 0x200
                0x0000000000000400                _Min_Stack_Size = 0x400

.isr_vector     0x0000000008000000      0x1ac
                0x0000000008000000                . = ALIGN (0x4)
 *(.isr_vector)
 .isr_vector    0x0000000008000000      0x1ac ./Core/Startup/startup_stm32f429zitx.o
                0x0000000008000000                g_pfnVectors
                0x00000000080001ac                . = ALIGN (0x4)

.text           0x00000000080001b0     0x48bc
                0x00000000080001b0                . = ALIGN (0x4)
 *(.text)
 .text          0x00000000080001b0       0x40 D:/ST/STM32CubeIDE_1.9.0/STM32CubeIDE/plugins/com.st.stm32cube.ide.mcu.externaltools.gnu-tools-for-stm32.11.3.rel1.win32_1.1.0.202305231506/tools/bin/../lib/gcc/arm-none-eabi/11.3.1/thumb/v7e-m+fp/hard/crtbegin.o
 .text          0x00000000080001f0       0x30 D:/ST/STM32CubeIDE_1.9.0/STM32CubeIDE/plugins/com.st.stm32cube.ide.mcu.externaltools.gnu-tools-for-stm32.11.3.rel1.win32_1.1.0.202305231506/tools/bin/../lib/gcc/arm-none-eabi/11.3.1/thumb/v7e-m+fp/hard\libgcc.a(_aeabi_uldivmod.o)
                0x00000000080001f0                __aeabi_uldivmod
 .text          0x0000000008000220      0x2c8 D:/ST/STM32CubeIDE_1.9.0/STM32CubeIDE/plugins/com.st.stm32cube.ide.mcu.externaltools.gnu-tools-for-stm32.11.3.rel1.win32_1.1.0.202305231506/tools/bin/../lib/gcc/arm-none-eabi/11.3.1/thumb/v7e-m+fp/hard\libgcc.a(_udivmoddi4.o)
                0x0000000008000220                __udivmoddi4
 .text          0x00000000080004e8        0x4 D:/ST/STM32CubeIDE_1.9.0/STM32CubeIDE/plugins/com.st.stm32cube.ide.mcu.externaltools.gnu-tools-for-stm32.11.3.rel1.win32_1.1.0.202305231506/tools/bin/../lib/gcc/arm-none-eabi/11.3.1/thumb/v7e-m+fp/hard\libgcc.a(_dvmd_tls.o)
                0x00000000080004e8                __aeabi_idiv0
                0x00000000080004e8                __aeabi_ldiv0
 *(.text*)
 .text.main     0x00000000080004ec      0x19c ./Core/Src/main.o
                0x00000000080004ec                main
 .text.SystemClock_Config
                0x0000000008000688       0xc8 ./Core/Src/main.o
                0x0000000008000688                SystemClock_Config
 .text.MX_RTC_Init
                0x0000000008000750       0x4c ./Core/Src/main.o
 .text.MX_USART1_UART_Init
                0x000000000800079c       0x54 ./Core/Src/main.o
 .text.MX_GPIO_Init
                0x00000000080007f0      0x4b4 ./Core/Src/main.o
 .text.HAL_TIM_PeriodElapsedCallback
                0x0000000008000ca4       0x24 ./Core/Src/main.o
                0x0000000008000ca4                HAL_TIM_PeriodElapsedCallback
 .text.Error_Handler
                0x0000000008000cc8        0xa ./Core/Src/main.o
                0x0000000008000cc8                Error_Handler
 *fill*         0x0000000008000cd2        0x2 
 .text.HAL_MspInit
                0x0000000008000cd4       0x50 ./Core/Src/stm32f4xx_hal_msp.o
                0x0000000008000cd4                HAL_MspInit
 .text.HAL_RTC_MspInit
                0x0000000008000d24       0x54 ./Core/Src/stm32f4xx_hal_msp.o
                0x0000000008000d24                HAL_RTC_MspInit
 .text.HAL_UART_MspInit
                0x0000000008000d78       0xa0 ./Core/Src/stm32f4xx_hal_msp.o
                0x0000000008000d78                HAL_UART_MspInit
 .text.HAL_InitTick
                0x0000000008000e18       0xf8 ./Core/Src/stm32f4xx_hal_timebase_tim.o
                0x0000000008000e18                HAL_InitTick
 .text.NMI_Handler
                0x0000000008000f10        0x6 ./Core/Src/stm32f4xx_it.o
                0x0000000008000f10                NMI_Handler
 .text.HardFault_Handler
                0x0000000008000f16        0x6 ./Core/Src/stm32f4xx_it.o
                0x0000000008000f16                HardFault_Handler
 .text.MemManage_Handler
                0x0000000008000f1c        0x6 ./Core/Src/stm32f4xx_it.o
                0x0000000008000f1c                MemManage_Handler
 .text.BusFault_Handler
                0x0000000008000f22        0x6 ./Core/Src/stm32f4xx_it.o
                0x0000000008000f22                BusFault_Handler
 .text.UsageFault_Handler
                0x0000000008000f28        0x6 ./Core/Src/stm32f4xx_it.o
                0x0000000008000f28                UsageFault_Handler
 .text.DebugMon_Handler
                0x0000000008000f2e        0xe ./Core/Src/stm32f4xx_it.o
                0x0000000008000f2e                DebugMon_Handler
 .text.USART1_IRQHandler
                0x0000000008000f3c       0x14 ./Core/Src/stm32f4xx_it.o
                0x0000000008000f3c                USART1_IRQHandler
 .text.TIM6_DAC_IRQHandler
                0x0000000008000f50       0x14 ./Core/Src/stm32f4xx_it.o
                0x0000000008000f50                TIM6_DAC_IRQHandler
 .text.SystemInit
                0x0000000008000f64       0x24 ./Core/Src/system_stm32f4xx.o
                0x0000000008000f64                SystemInit
 .text.Reset_Handler
                0x0000000008000f88       0x50 ./Core/Startup/startup_stm32f429zitx.o
                0x0000000008000f88                Reset_Handler
 .text.Default_Handler
                0x0000000008000fd8        0x2 ./Core/Startup/startup_stm32f429zitx.o
                0x0000000008000fd8                RTC_Alarm_IRQHandler
                0x0000000008000fd8                HASH_RNG_IRQHandler
                0x0000000008000fd8                EXTI2_IRQHandler
                0x0000000008000fd8                TIM8_CC_IRQHandler
                0x0000000008000fd8                UART8_IRQHandler
                0x0000000008000fd8                SPI4_IRQHandler
                0x0000000008000fd8                TIM1_CC_IRQHandler
                0x0000000008000fd8                DMA2_Stream5_IRQHandler
                0x0000000008000fd8                DMA1_Stream5_IRQHandler
                0x0000000008000fd8                PVD_IRQHandler
                0x0000000008000fd8                SDIO_IRQHandler
                0x0000000008000fd8                TAMP_STAMP_IRQHandler
                0x0000000008000fd8                CAN2_RX1_IRQHandler
                0x0000000008000fd8                EXTI3_IRQHandler
                0x0000000008000fd8                TIM8_TRG_COM_TIM14_IRQHandler
                0x0000000008000fd8                TIM1_UP_TIM10_IRQHandler
                0x0000000008000fd8                TIM8_UP_TIM13_IRQHandler
                0x0000000008000fd8                I2C3_ER_IRQHandler
                0x0000000008000fd8                EXTI0_IRQHandler
                0x0000000008000fd8                I2C2_EV_IRQHandler
                0x0000000008000fd8                DMA1_Stream2_IRQHandler
                0x0000000008000fd8                CAN1_RX0_IRQHandler
                0x0000000008000fd8                FPU_IRQHandler
                0x0000000008000fd8                OTG_HS_WKUP_IRQHandler
                0x0000000008000fd8                LTDC_ER_IRQHandler
                0x0000000008000fd8                CAN2_SCE_IRQHandler
                0x0000000008000fd8                DMA2_Stream2_IRQHandler
                0x0000000008000fd8                SPI1_IRQHandler
                0x0000000008000fd8                TIM1_BRK_TIM9_IRQHandler
                0x0000000008000fd8                DCMI_IRQHandler
                0x0000000008000fd8                CAN2_RX0_IRQHandler
                0x0000000008000fd8                DMA2_Stream3_IRQHandler
                0x0000000008000fd8                USART6_IRQHandler
                0x0000000008000fd8                USART3_IRQHandler
                0x0000000008000fd8                CAN1_RX1_IRQHandler
                0x0000000008000fd8                UART5_IRQHandler
                0x0000000008000fd8                DMA2_Stream0_IRQHandler
                0x0000000008000fd8                TIM4_IRQHandler
                0x0000000008000fd8                I2C1_EV_IRQHandler
                0x0000000008000fd8                DMA1_Stream6_IRQHandler
                0x0000000008000fd8                DMA1_Stream1_IRQHandler
                0x0000000008000fd8                UART4_IRQHandler
                0x0000000008000fd8                TIM3_IRQHandler
                0x0000000008000fd8                RCC_IRQHandler
                0x0000000008000fd8                TIM8_BRK_TIM12_IRQHandler
                0x0000000008000fd8                Default_Handler
                0x0000000008000fd8                EXTI15_10_IRQHandler
                0x0000000008000fd8                ADC_IRQHandler
                0x0000000008000fd8                DMA1_Stream7_IRQHandler
                0x0000000008000fd8                SPI5_IRQHandler
                0x0000000008000fd8                TIM7_IRQHandler
                0x0000000008000fd8                CAN2_TX_IRQHandler
                0x0000000008000fd8                TIM5_IRQHandler
                0x0000000008000fd8                DMA2_Stream7_IRQHandler
                0x0000000008000fd8                I2C3_EV_IRQHandler
                0x0000000008000fd8                EXTI9_5_IRQHandler
                0x0000000008000fd8                RTC_WKUP_IRQHandler
                0x0000000008000fd8                LTDC_IRQHandler
                0x0000000008000fd8                ETH_WKUP_IRQHandler
                0x0000000008000fd8                SPI2_IRQHandler
                0x0000000008000fd8                OTG_HS_EP1_IN_IRQHandler
                0x0000000008000fd8                DMA1_Stream0_IRQHandler
                0x0000000008000fd8                CAN1_TX_IRQHandler
                0x0000000008000fd8                EXTI4_IRQHandler
                0x0000000008000fd8                ETH_IRQHandler
                0x0000000008000fd8                OTG_HS_EP1_OUT_IRQHandler
                0x0000000008000fd8                WWDG_IRQHandler
                0x0000000008000fd8                SPI6_IRQHandler
                0x0000000008000fd8                TIM2_IRQHandler
                0x0000000008000fd8                OTG_FS_WKUP_IRQHandler
                0x0000000008000fd8                TIM1_TRG_COM_TIM11_IRQHandler
                0x0000000008000fd8                OTG_HS_IRQHandler
                0x0000000008000fd8                DMA2D_IRQHandler
                0x0000000008000fd8                EXTI1_IRQHandler
                0x0000000008000fd8                UART7_IRQHandler
                0x0000000008000fd8                USART2_IRQHandler
                0x0000000008000fd8                I2C2_ER_IRQHandler
                0x0000000008000fd8                DMA2_Stream1_IRQHandler
                0x0000000008000fd8                CAN1_SCE_IRQHandler
                0x0000000008000fd8                FLASH_IRQHandler
                0x0000000008000fd8                DMA2_Stream4_IRQHandler
                0x0000000008000fd8                OTG_FS_IRQHandler
                0x0000000008000fd8                SPI3_IRQHandler
                0x0000000008000fd8                DMA1_Stream4_IRQHandler
                0x0000000008000fd8                I2C1_ER_IRQHandler
                0x0000000008000fd8                FMC_IRQHandler
                0x0000000008000fd8                DMA2_Stream6_IRQHandler
                0x0000000008000fd8                SAI1_IRQHandler
                0x0000000008000fd8                DMA1_Stream3_IRQHandler
 *fill*         0x0000000008000fda        0x2 
 .text.HAL_Init
                0x0000000008000fdc       0x44 ./Drivers/STM32F4xx_HAL_Driver/Src/stm32f4xx_hal.o
                0x0000000008000fdc                HAL_Init
 .text.HAL_IncTick
                0x0000000008001020       0x28 ./Drivers/STM32F4xx_HAL_Driver/Src/stm32f4xx_hal.o
                0x0000000008001020                HAL_IncTick
 .text.HAL_GetTick
                0x0000000008001048       0x18 ./Drivers/STM32F4xx_HAL_Driver/Src/stm32f4xx_hal.o
                0x0000000008001048                HAL_GetTick
 .text.__NVIC_SetPriorityGrouping
                0x0000000008001060       0x48 ./Drivers/STM32F4xx_HAL_Driver/Src/stm32f4xx_hal_cortex.o
 .text.__NVIC_GetPriorityGrouping
                0x00000000080010a8       0x1c ./Drivers/STM32F4xx_HAL_Driver/Src/stm32f4xx_hal_cortex.o
 .text.__NVIC_EnableIRQ
                0x00000000080010c4       0x3c ./Drivers/STM32F4xx_HAL_Driver/Src/stm32f4xx_hal_cortex.o
 .text.__NVIC_SetPriority
                0x0000000008001100       0x54 ./Drivers/STM32F4xx_HAL_Driver/Src/stm32f4xx_hal_cortex.o
 .text.NVIC_EncodePriority
                0x0000000008001154       0x66 ./Drivers/STM32F4xx_HAL_Driver/Src/stm32f4xx_hal_cortex.o
 .text.HAL_NVIC_SetPriorityGrouping
                0x00000000080011ba       0x16 ./Drivers/STM32F4xx_HAL_Driver/Src/stm32f4xx_hal_cortex.o
                0x00000000080011ba                HAL_NVIC_SetPriorityGrouping
 .text.HAL_NVIC_SetPriority
                0x00000000080011d0       0x38 ./Drivers/STM32F4xx_HAL_Driver/Src/stm32f4xx_hal_cortex.o
                0x00000000080011d0                HAL_NVIC_SetPriority
 .text.HAL_NVIC_EnableIRQ
                0x0000000008001208       0x1c ./Drivers/STM32F4xx_HAL_Driver/Src/stm32f4xx_hal_cortex.o
                0x0000000008001208                HAL_NVIC_EnableIRQ
 .text.HAL_DMA_Abort
                0x0000000008001224       0xe0 ./Drivers/STM32F4xx_HAL_Driver/Src/stm32f4xx_hal_dma.o
                0x0000000008001224                HAL_DMA_Abort
 .text.HAL_DMA_Abort_IT
                0x0000000008001304       0x44 ./Drivers/STM32F4xx_HAL_Driver/Src/stm32f4xx_hal_dma.o
                0x0000000008001304                HAL_DMA_Abort_IT
 .text.HAL_GPIO_Init
                0x0000000008001348      0x358 ./Drivers/STM32F4xx_HAL_Driver/Src/stm32f4xx_hal_gpio.o
                0x0000000008001348                HAL_GPIO_Init
 .text.HAL_GPIO_WritePin
                0x00000000080016a0       0x32 ./Drivers/STM32F4xx_HAL_Driver/Src/stm32f4xx_hal_gpio.o
                0x00000000080016a0                HAL_GPIO_WritePin
 *fill*         0x00000000080016d2        0x2 
 .text.HAL_RCC_OscConfig
                0x00000000080016d4      0x4f0 ./Drivers/STM32F4xx_HAL_Driver/Src/stm32f4xx_hal_rcc.o
                0x00000000080016d4                HAL_RCC_OscConfig
 .text.HAL_RCC_ClockConfig
                0x0000000008001bc4      0x1cc ./Drivers/STM32F4xx_HAL_Driver/Src/stm32f4xx_hal_rcc.o
                0x0000000008001bc4                HAL_RCC_ClockConfig
 .text.HAL_RCC_GetSysClockFreq
                0x0000000008001d90      0x20c ./Drivers/STM32F4xx_HAL_Driver/Src/stm32f4xx_hal_rcc.o
                0x0000000008001d90                HAL_RCC_GetSysClockFreq
 .text.HAL_RCC_GetHCLKFreq
                0x0000000008001f9c       0x18 ./Drivers/STM32F4xx_HAL_Driver/Src/stm32f4xx_hal_rcc.o
                0x0000000008001f9c                HAL_RCC_GetHCLKFreq
 .text.HAL_RCC_GetPCLK1Freq
                0x0000000008001fb4       0x28 ./Drivers/STM32F4xx_HAL_Driver/Src/stm32f4xx_hal_rcc.o
                0x0000000008001fb4                HAL_RCC_GetPCLK1Freq
 .text.HAL_RCC_GetPCLK2Freq
                0x0000000008001fdc       0x28 ./Drivers/STM32F4xx_HAL_Driver/Src/stm32f4xx_hal_rcc.o
                0x0000000008001fdc                HAL_RCC_GetPCLK2Freq
 .text.HAL_RCC_GetClockConfig
                0x0000000008002004       0x64 ./Drivers/STM32F4xx_HAL_Driver/Src/stm32f4xx_hal_rcc.o
                0x0000000008002004                HAL_RCC_GetClockConfig
 .text.HAL_RCCEx_PeriphCLKConfig
                0x0000000008002068      0x380 ./Drivers/STM32F4xx_HAL_Driver/Src/stm32f4xx_hal_rcc_ex.o
                0x0000000008002068                HAL_RCCEx_PeriphCLKConfig
 .text.HAL_RTC_Init
                0x00000000080023e8       0xec ./Drivers/STM32F4xx_HAL_Driver/Src/stm32f4xx_hal_rtc.o
                0x00000000080023e8                HAL_RTC_Init
 .text.HAL_RTC_WaitForSynchro
                0x00000000080024d4       0x50 ./Drivers/STM32F4xx_HAL_Driver/Src/stm32f4xx_hal_rtc.o
                0x00000000080024d4                HAL_RTC_WaitForSynchro
 .text.RTC_EnterInitMode
                0x0000000008002524       0x6e ./Drivers/STM32F4xx_HAL_Driver/Src/stm32f4xx_hal_rtc.o
                0x0000000008002524                RTC_EnterInitMode
 .text.RTC_ExitInitMode
                0x0000000008002592       0x4a ./Drivers/STM32F4xx_HAL_Driver/Src/stm32f4xx_hal_rtc.o
                0x0000000008002592                RTC_ExitInitMode
 .text.HAL_TIM_Base_Init
                0x00000000080025dc       0x9e ./Drivers/STM32F4xx_HAL_Driver/Src/stm32f4xx_hal_tim.o
                0x00000000080025dc                HAL_TIM_Base_Init
 .text.HAL_TIM_Base_MspInit
                0x000000000800267a       0x14 ./Drivers/STM32F4xx_HAL_Driver/Src/stm32f4xx_hal_tim.o
                0x000000000800267a                HAL_TIM_Base_MspInit
 *fill*         0x000000000800268e        0x2 
 .text.HAL_TIM_Base_Start_IT
                0x0000000008002690       0xe0 ./Drivers/STM32F4xx_HAL_Driver/Src/stm32f4xx_hal_tim.o
                0x0000000008002690                HAL_TIM_Base_Start_IT
 .text.HAL_TIM_IRQHandler
                0x0000000008002770      0x210 ./Drivers/STM32F4xx_HAL_Driver/Src/stm32f4xx_hal_tim.o
                0x0000000008002770                HAL_TIM_IRQHandler
 .text.HAL_TIM_OC_DelayElapsedCallback
                0x0000000008002980       0x14 ./Drivers/STM32F4xx_HAL_Driver/Src/stm32f4xx_hal_tim.o
                0x0000000008002980                HAL_TIM_OC_DelayElapsedCallback
 .text.HAL_TIM_IC_CaptureCallback
                0x0000000008002994       0x14 ./Drivers/STM32F4xx_HAL_Driver/Src/stm32f4xx_hal_tim.o
                0x0000000008002994                HAL_TIM_IC_CaptureCallback
 .text.HAL_TIM_PWM_PulseFinishedCallback
                0x00000000080029a8       0x14 ./Drivers/STM32F4xx_HAL_Driver/Src/stm32f4xx_hal_tim.o
                0x00000000080029a8                HAL_TIM_PWM_PulseFinishedCallback
 .text.HAL_TIM_TriggerCallback
                0x00000000080029bc       0x14 ./Drivers/STM32F4xx_HAL_Driver/Src/stm32f4xx_hal_tim.o
                0x00000000080029bc                HAL_TIM_TriggerCallback
 .text.TIM_Base_SetConfig
                0x00000000080029d0      0x140 ./Drivers/STM32F4xx_HAL_Driver/Src/stm32f4xx_hal_tim.o
                0x00000000080029d0                TIM_Base_SetConfig
 .text.HAL_TIMEx_CommutCallback
                0x0000000008002b10       0x14 ./Drivers/STM32F4xx_HAL_Driver/Src/stm32f4xx_hal_tim_ex.o
                0x0000000008002b10                HAL_TIMEx_CommutCallback
 .text.HAL_TIMEx_BreakCallback
                0x0000000008002b24       0x14 ./Drivers/STM32F4xx_HAL_Driver/Src/stm32f4xx_hal_tim_ex.o
                0x0000000008002b24                HAL_TIMEx_BreakCallback
 .text.HAL_UART_Init
                0x0000000008002b38       0x9a ./Drivers/STM32F4xx_HAL_Driver/Src/stm32f4xx_hal_uart.o
                0x0000000008002b38                HAL_UART_Init
 *fill*         0x0000000008002bd2        0x2 
 .text.HAL_UART_IRQHandler
                0x0000000008002bd4      0x51c ./Drivers/STM32F4xx_HAL_Driver/Src/stm32f4xx_hal_uart.o
                0x0000000008002bd4                HAL_UART_IRQHandler
 .text.HAL_UART_TxCpltCallback
                0x00000000080030f0       0x14 ./Drivers/STM32F4xx_HAL_Driver/Src/stm32f4xx_hal_uart.o
                0x00000000080030f0                HAL_UART_TxCpltCallback
 .text.HAL_UART_RxCpltCallback
                0x0000000008003104       0x14 ./Drivers/STM32F4xx_HAL_Driver/Src/stm32f4xx_hal_uart.o
                0x0000000008003104                HAL_UART_RxCpltCallback
 .text.HAL_UART_ErrorCallback
                0x0000000008003118       0x14 ./Drivers/STM32F4xx_HAL_Driver/Src/stm32f4xx_hal_uart.o
                0x0000000008003118                HAL_UART_ErrorCallback
 .text.HAL_UARTEx_RxEventCallback
                0x000000000800312c       0x18 ./Drivers/STM32F4xx_HAL_Driver/Src/stm32f4xx_hal_uart.o
                0x000000000800312c                HAL_UARTEx_RxEventCallback
 .text.UART_EndRxTransfer
                0x0000000008003144       0xc6 ./Drivers/STM32F4xx_HAL_Driver/Src/stm32f4xx_hal_uart.o
 .text.UART_DMAAbortOnError
                0x000000000800320a       0x28 ./Drivers/STM32F4xx_HAL_Driver/Src/stm32f4xx_hal_uart.o
 .text.UART_Transmit_IT
                0x0000000008003232       0xa0 ./Drivers/STM32F4xx_HAL_Driver/Src/stm32f4xx_hal_uart.o
 .text.UART_EndTransmit_IT
                0x00000000080032d2       0x30 ./Drivers/STM32F4xx_HAL_Driver/Src/stm32f4xx_hal_uart.o
 .text.UART_Receive_IT
                0x0000000008003302      0x176 ./Drivers/STM32F4xx_HAL_Driver/Src/stm32f4xx_hal_uart.o
 .text.UART_SetConfig
                0x0000000008003478      0x4e8 ./Drivers/STM32F4xx_HAL_Driver/Src/stm32f4xx_hal_uart.o
 .text.pvPortMalloc
                0x0000000008003960      0x1c0 ./ThirdParty/MemMang/heap_4.o
                0x0000000008003960                pvPortMalloc
 .text.vPortFree
                0x0000000008003b20       0xc4 ./ThirdParty/MemMang/heap_4.o
                0x0000000008003b20                vPortFree
 .text.prvHeapInit
                0x0000000008003be4       0xc4 ./ThirdParty/MemMang/heap_4.o
 .text.prvInsertBlockIntoFreeList
                0x0000000008003ca8       0xb4 ./ThirdParty/MemMang/heap_4.o
 .text.vListInitialise
                0x0000000008003d5c       0x40 ./ThirdParty/list.o
                0x0000000008003d5c                vListInitialise
 .text.vListInitialiseItem
                0x0000000008003d9c       0x1a ./ThirdParty/list.o
                0x0000000008003d9c                vListInitialiseItem
 .text.vListInsertEnd
                0x0000000008003db6       0x48 ./ThirdParty/list.o
                0x0000000008003db6                vListInsertEnd
 .text.uxListRemove
                0x0000000008003dfe       0x54 ./ThirdParty/list.o
                0x0000000008003dfe                uxListRemove
 *fill*         0x0000000008003e52        0x2 
 .text.xQueueGenericReset
                0x0000000008003e54       0xd0 ./ThirdParty/queue.o
                0x0000000008003e54                xQueueGenericReset
 .text.xQueueGenericCreate
                0x0000000008003f24       0xbe ./ThirdParty/queue.o
                0x0000000008003f24                xQueueGenericCreate
 .text.prvInitialiseNewQueue
                0x0000000008003fe2       0x46 ./ThirdParty/queue.o
 .text.xTaskCreate
                0x0000000008004028       0x82 ./ThirdParty/tasks.o
                0x0000000008004028                xTaskCreate
 .text.prvInitialiseNewTask
                0x00000000080040aa      0x12c ./ThirdParty/tasks.o
 *fill*         0x00000000080041d6        0x2 
 .text.prvAddNewTaskToReadyList
                0x00000000080041d8       0xdc ./ThirdParty/tasks.o
 .text.vTaskSuspendAll
                0x00000000080042b4       0x1c ./ThirdParty/tasks.o
                0x00000000080042b4                vTaskSuspendAll
 .text.xTaskResumeAll
                0x00000000080042d0      0x138 ./ThirdParty/tasks.o
                0x00000000080042d0                xTaskResumeAll
 .text.xTaskIncrementTick
                0x0000000008004408      0x170 ./ThirdParty/tasks.o
                0x0000000008004408                xTaskIncrementTick
 .text.vTaskSwitchContext
                0x0000000008004578       0xb8 ./ThirdParty/tasks.o
                0x0000000008004578                vTaskSwitchContext
 .text.xTaskRemoveFromEventList
                0x0000000008004630       0xc4 ./ThirdParty/tasks.o
                0x0000000008004630                xTaskRemoveFromEventList
 .text.prvInitialiseTaskLists
                0x00000000080046f4       0x80 ./ThirdParty/tasks.o
 .text.prvResetNextTaskUnblockTime
                0x0000000008004774       0x38 ./ThirdParty/tasks.o
 .text.pxPortInitialiseStack
                0x00000000080047ac       0x68 ./ThirdParty/portable/GCC/ARM_CM4F/port.o
                0x00000000080047ac                pxPortInitialiseStack
 .text.prvTaskExitError
                0x0000000008004814       0x58 ./ThirdParty/portable/GCC/ARM_CM4F/port.o
 *fill*         0x000000000800486c        0x4 
 .text.SVC_Handler
                0x0000000008004870       0x28 ./ThirdParty/portable/GCC/ARM_CM4F/port.o
                0x0000000008004870                SVC_Handler
 .text.vPortEnterCritical
                0x0000000008004898       0x60 ./ThirdParty/portable/GCC/ARM_CM4F/port.o
                0x0000000008004898                vPortEnterCritical
 .text.vPortExitCritical
                0x00000000080048f8       0x54 ./ThirdParty/portable/GCC/ARM_CM4F/port.o
                0x00000000080048f8                vPortExitCritical
 *fill*         0x000000000800494c        0x4 
 .text.PendSV_Handler
                0x0000000008004950       0x68 ./ThirdParty/portable/GCC/ARM_CM4F/port.o
                0x0000000008004950                PendSV_Handler
 .text.SysTick_Handler
                0x00000000080049b8       0x44 ./ThirdParty/portable/GCC/ARM_CM4F/port.o
                0x00000000080049b8                SysTick_Handler
 .text.memset   0x00000000080049fc       0x10 D:/ST/STM32CubeIDE_1.9.0/STM32CubeIDE/plugins/com.st.stm32cube.ide.mcu.externaltools.gnu-tools-for-stm32.11.3.rel1.win32_1.1.0.202305231506/tools/bin/../lib/gcc/arm-none-eabi/11.3.1/../../../../arm-none-eabi/lib/thumb/v7e-m+fp/hard\libc_nano.a(libc_a-memset.o)
                0x00000000080049fc                memset
 .text.__libc_init_array
                0x0000000008004a0c       0x48 D:/ST/STM32CubeIDE_1.9.0/STM32CubeIDE/plugins/com.st.stm32cube.ide.mcu.externaltools.gnu-tools-for-stm32.11.3.rel1.win32_1.1.0.202305231506/tools/bin/../lib/gcc/arm-none-eabi/11.3.1/../../../../arm-none-eabi/lib/thumb/v7e-m+fp/hard\libc_nano.a(libc_a-init.o)
                0x0000000008004a0c                __libc_init_array
 *(.glue_7)
 .glue_7        0x0000000008004a54        0x0 linker stubs
 *(.glue_7t)
 .glue_7t       0x0000000008004a54        0x0 linker stubs
 *(.eh_frame)
 .eh_frame      0x0000000008004a54        0x0 D:/ST/STM32CubeIDE_1.9.0/STM32CubeIDE/plugins/com.st.stm32cube.ide.mcu.externaltools.gnu-tools-for-stm32.11.3.rel1.win32_1.1.0.202305231506/tools/bin/../lib/gcc/arm-none-eabi/11.3.1/thumb/v7e-m+fp/hard/crtbegin.o
 *(.init)
 .init          0x0000000008004a54        0x4 D:/ST/STM32CubeIDE_1.9.0/STM32CubeIDE/plugins/com.st.stm32cube.ide.mcu.externaltools.gnu-tools-for-stm32.11.3.rel1.win32_1.1.0.202305231506/tools/bin/../lib/gcc/arm-none-eabi/11.3.1/thumb/v7e-m+fp/hard/crti.o
                0x0000000008004a54                _init
 .init          0x0000000008004a58        0x8 D:/ST/STM32CubeIDE_1.9.0/STM32CubeIDE/plugins/com.st.stm32cube.ide.mcu.externaltools.gnu-tools-for-stm32.11.3.rel1.win32_1.1.0.202305231506/tools/bin/../lib/gcc/arm-none-eabi/11.3.1/thumb/v7e-m+fp/hard/crtn.o
 *(.fini)
 .fini          0x0000000008004a60        0x4 D:/ST/STM32CubeIDE_1.9.0/STM32CubeIDE/plugins/com.st.stm32cube.ide.mcu.externaltools.gnu-tools-for-stm32.11.3.rel1.win32_1.1.0.202305231506/tools/bin/../lib/gcc/arm-none-eabi/11.3.1/thumb/v7e-m+fp/hard/crti.o
                0x0000000008004a60                _fini
 .fini          0x0000000008004a64        0x8 D:/ST/STM32CubeIDE_1.9.0/STM32CubeIDE/plugins/com.st.stm32cube.ide.mcu.externaltools.gnu-tools-for-stm32.11.3.rel1.win32_1.1.0.202305231506/tools/bin/../lib/gcc/arm-none-eabi/11.3.1/thumb/v7e-m+fp/hard/crtn.o
                0x0000000008004a6c                . = ALIGN (0x4)
                0x0000000008004a6c                _etext = .

.vfp11_veneer   0x0000000008004a6c        0x0
 .vfp11_veneer  0x0000000008004a6c        0x0 linker stubs

.v4_bx          0x0000000008004a6c        0x0
 .v4_bx         0x0000000008004a6c        0x0 linker stubs

.iplt           0x0000000008004a6c        0x0
 .iplt          0x0000000008004a6c        0x0 D:/ST/STM32CubeIDE_1.9.0/STM32CubeIDE/plugins/com.st.stm32cube.ide.mcu.externaltools.gnu-tools-for-stm32.11.3.rel1.win32_1.1.0.202305231506/tools/bin/../lib/gcc/arm-none-eabi/11.3.1/thumb/v7e-m+fp/hard/crtbegin.o

.rodata         0x0000000008004a6c       0x54
                0x0000000008004a6c                . = ALIGN (0x4)
 *(.rodata)
 .rodata        0x0000000008004a6c       0x3b ./Core/Src/main.o
 *(.rodata*)
 *fill*         0x0000000008004aa7        0x1 
 .rodata.AHBPrescTable
                0x0000000008004aa8       0x10 ./Core/Src/system_stm32f4xx.o
                0x0000000008004aa8                AHBPrescTable
 .rodata.APBPrescTable
                0x0000000008004ab8        0x8 ./Core/Src/system_stm32f4xx.o
                0x0000000008004ab8                APBPrescTable
                0x0000000008004ac0                . = ALIGN (0x4)

.ARM.extab      0x0000000008004ac0        0x0
                0x0000000008004ac0                . = ALIGN (0x4)
 *(.ARM.extab* .gnu.linkonce.armextab.*)
                0x0000000008004ac0                . = ALIGN (0x4)

.ARM            0x0000000008004ac0        0x8
                0x0000000008004ac0                . = ALIGN (0x4)
                0x0000000008004ac0                __exidx_start = .
 *(.ARM.exidx*)
 .ARM.exidx     0x0000000008004ac0        0x8 D:/ST/STM32CubeIDE_1.9.0/STM32CubeIDE/plugins/com.st.stm32cube.ide.mcu.externaltools.gnu-tools-for-stm32.11.3.rel1.win32_1.1.0.202305231506/tools/bin/../lib/gcc/arm-none-eabi/11.3.1/thumb/v7e-m+fp/hard\libgcc.a(_udivmoddi4.o)
                0x0000000008004ac8                __exidx_end = .
                0x0000000008004ac8                . = ALIGN (0x4)

.rel.dyn        0x0000000008004ac8        0x0
 .rel.iplt      0x0000000008004ac8        0x0 D:/ST/STM32CubeIDE_1.9.0/STM32CubeIDE/plugins/com.st.stm32cube.ide.mcu.externaltools.gnu-tools-for-stm32.11.3.rel1.win32_1.1.0.202305231506/tools/bin/../lib/gcc/arm-none-eabi/11.3.1/thumb/v7e-m+fp/hard/crtbegin.o

.preinit_array  0x0000000008004ac8        0x0
                0x0000000008004ac8                . = ALIGN (0x4)
                0x0000000008004ac8                PROVIDE (__preinit_array_start = .)
 *(.preinit_array*)
                0x0000000008004ac8                PROVIDE (__preinit_array_end = .)
                0x0000000008004ac8                . = ALIGN (0x4)

.init_array     0x0000000008004ac8        0x4
                0x0000000008004ac8                . = ALIGN (0x4)
                0x0000000008004ac8                PROVIDE (__init_array_start = .)
 *(SORT_BY_NAME(.init_array.*))
 *(.init_array*)
 .init_array    0x0000000008004ac8        0x4 D:/ST/STM32CubeIDE_1.9.0/STM32CubeIDE/plugins/com.st.stm32cube.ide.mcu.externaltools.gnu-tools-for-stm32.11.3.rel1.win32_1.1.0.202305231506/tools/bin/../lib/gcc/arm-none-eabi/11.3.1/thumb/v7e-m+fp/hard/crtbegin.o
                0x0000000008004acc                PROVIDE (__init_array_end = .)
                0x0000000008004acc                . = ALIGN (0x4)

.fini_array     0x0000000008004acc        0x4
                0x0000000008004acc                . = ALIGN (0x4)
                [!provide]                        PROVIDE (__fini_array_start = .)
 *(SORT_BY_NAME(.fini_array.*))
 *(.fini_array*)
 .fini_array    0x0000000008004acc        0x4 D:/ST/STM32CubeIDE_1.9.0/STM32CubeIDE/plugins/com.st.stm32cube.ide.mcu.externaltools.gnu-tools-for-stm32.11.3.rel1.win32_1.1.0.202305231506/tools/bin/../lib/gcc/arm-none-eabi/11.3.1/thumb/v7e-m+fp/hard/crtbegin.o
                [!provide]                        PROVIDE (__fini_array_end = .)
                0x0000000008004ad0                . = ALIGN (0x4)
                0x0000000008004ad0                _sidata = LOADADDR (.data)

.data           0x0000000020000000       0x10 load address 0x0000000008004ad0
                0x0000000020000000                . = ALIGN (0x4)
                0x0000000020000000                _sdata = .
 *(.data)
 *(.data*)
 .data.SystemCoreClock
                0x0000000020000000        0x4 ./Core/Src/system_stm32f4xx.o
                0x0000000020000000                SystemCoreClock
 .data.uwTickPrio
                0x0000000020000004        0x4 ./Drivers/STM32F4xx_HAL_Driver/Src/stm32f4xx_hal.o
                0x0000000020000004                uwTickPrio
 .data.uwTickFreq
                0x0000000020000008        0x1 ./Drivers/STM32F4xx_HAL_Driver/Src/stm32f4xx_hal.o
                0x0000000020000008                uwTickFreq
 *fill*         0x0000000020000009        0x3 
 .data.uxCriticalNesting
                0x000000002000000c        0x4 ./ThirdParty/portable/GCC/ARM_CM4F/port.o
 *(.RamFunc)
 *(.RamFunc*)
                0x0000000020000010                . = ALIGN (0x4)
                0x0000000020000010                _edata = .
                0x0000000008004ae0                _siccmram = LOADADDR (.ccmram)

.igot.plt       0x0000000020000010        0x0 load address 0x0000000008004ae0
 .igot.plt      0x0000000020000010        0x0 D:/ST/STM32CubeIDE_1.9.0/STM32CubeIDE/plugins/com.st.stm32cube.ide.mcu.externaltools.gnu-tools-for-stm32.11.3.rel1.win32_1.1.0.202305231506/tools/bin/../lib/gcc/arm-none-eabi/11.3.1/thumb/v7e-m+fp/hard/crtbegin.o

.ccmram         0x0000000010000000        0x0 load address 0x0000000008004ae0
                0x0000000010000000                . = ALIGN (0x4)
                0x0000000010000000                _sccmram = .
 *(.ccmram)
 *(.ccmram*)
                0x0000000010000000                . = ALIGN (0x4)
                0x0000000010000000                _eccmram = .
                0x0000000010000000                . = ALIGN (0x4)

.bss            0x0000000020000010    0x12e08
                0x0000000020000010                _sbss = .
                0x0000000020000010                __bss_start__ = _sbss
 *(.bss)
 .bss           0x0000000020000010       0x1c D:/ST/STM32CubeIDE_1.9.0/STM32CubeIDE/plugins/com.st.stm32cube.ide.mcu.externaltools.gnu-tools-for-stm32.11.3.rel1.win32_1.1.0.202305231506/tools/bin/../lib/gcc/arm-none-eabi/11.3.1/thumb/v7e-m+fp/hard/crtbegin.o
 *(.bss*)
 .bss.hrtc      0x000000002000002c       0x20 ./Core/Src/main.o
                0x000000002000002c                hrtc
 .bss.huart1    0x000000002000004c       0x44 ./Core/Src/main.o
                0x000000002000004c                huart1
 .bss.menu_task
                0x0000000020000090        0x4 ./Core/Src/main.o
                0x0000000020000090                menu_task
 .bss.led_task  0x0000000020000094        0x4 ./Core/Src/main.o
                0x0000000020000094                led_task
 .bss.rtc_task  0x0000000020000098        0x4 ./Core/Src/main.o
                0x0000000020000098                rtc_task
 .bss.command_handling_task
                0x000000002000009c        0x4 ./Core/Src/main.o
                0x000000002000009c                command_handling_task
 .bss.print_task
                0x00000000200000a0        0x4 ./Core/Src/main.o
                0x00000000200000a0                print_task
 .bss.status    0x00000000200000a4        0x4 ./Core/Src/main.o
                0x00000000200000a4                status
 .bss.print_queue
                0x00000000200000a8        0x4 ./Core/Src/main.o
                0x00000000200000a8                print_queue
 .bss.input_command_queue
                0x00000000200000ac        0x4 ./Core/Src/main.o
                0x00000000200000ac                input_command_queue
 .bss.htim6     0x00000000200000b0       0x48 ./Core/Src/stm32f4xx_hal_timebase_tim.o
                0x00000000200000b0                htim6
 .bss.uwTick    0x00000000200000f8        0x4 ./Drivers/STM32F4xx_HAL_Driver/Src/stm32f4xx_hal.o
                0x00000000200000f8                uwTick
 .bss.ucHeap    0x00000000200000fc    0x12c00 ./ThirdParty/MemMang/heap_4.o
 .bss.xStart    0x0000000020012cfc        0x8 ./ThirdParty/MemMang/heap_4.o
 .bss.pxEnd     0x0000000020012d04        0x4 ./ThirdParty/MemMang/heap_4.o
 .bss.xFreeBytesRemaining
                0x0000000020012d08        0x4 ./ThirdParty/MemMang/heap_4.o
 .bss.xMinimumEverFreeBytesRemaining
                0x0000000020012d0c        0x4 ./ThirdParty/MemMang/heap_4.o
 .bss.xNumberOfSuccessfulAllocations
                0x0000000020012d10        0x4 ./ThirdParty/MemMang/heap_4.o
 .bss.xNumberOfSuccessfulFrees
                0x0000000020012d14        0x4 ./ThirdParty/MemMang/heap_4.o
 .bss.xBlockAllocatedBit
                0x0000000020012d18        0x4 ./ThirdParty/MemMang/heap_4.o
 .bss.pxCurrentTCB
                0x0000000020012d1c        0x4 ./ThirdParty/tasks.o
                0x0000000020012d1c                pxCurrentTCB
 .bss.pxReadyTasksLists
                0x0000000020012d20       0x64 ./ThirdParty/tasks.o
 .bss.xDelayedTaskList1
                0x0000000020012d84       0x14 ./ThirdParty/tasks.o
 .bss.xDelayedTaskList2
                0x0000000020012d98       0x14 ./ThirdParty/tasks.o
 .bss.pxDelayedTaskList
                0x0000000020012dac        0x4 ./ThirdParty/tasks.o
 .bss.pxOverflowDelayedTaskList
                0x0000000020012db0        0x4 ./ThirdParty/tasks.o
 .bss.xPendingReadyList
                0x0000000020012db4       0x14 ./ThirdParty/tasks.o
 .bss.xTasksWaitingTermination
                0x0000000020012dc8       0x14 ./ThirdParty/tasks.o
 .bss.xSuspendedTaskList
                0x0000000020012ddc       0x14 ./ThirdParty/tasks.o
 .bss.uxCurrentNumberOfTasks
                0x0000000020012df0        0x4 ./ThirdParty/tasks.o
 .bss.xTickCount
                0x0000000020012df4        0x4 ./ThirdParty/tasks.o
 .bss.uxTopReadyPriority
                0x0000000020012df8        0x4 ./ThirdParty/tasks.o
 .bss.xSchedulerRunning
                0x0000000020012dfc        0x4 ./ThirdParty/tasks.o
 .bss.xPendedTicks
                0x0000000020012e00        0x4 ./ThirdParty/tasks.o
 .bss.xYieldPending
                0x0000000020012e04        0x4 ./ThirdParty/tasks.o
 .bss.xNumOfOverflows
                0x0000000020012e08        0x4 ./ThirdParty/tasks.o
 .bss.uxTaskNumber
                0x0000000020012e0c        0x4 ./ThirdParty/tasks.o
 .bss.xNextTaskUnblockTime
                0x0000000020012e10        0x4 ./ThirdParty/tasks.o
 .bss.uxSchedulerSuspended
                0x0000000020012e14        0x4 ./ThirdParty/tasks.o
 *(COMMON)
                0x0000000020012e18                . = ALIGN (0x4)
                0x0000000020012e18                _ebss = .
                0x0000000020012e18                __bss_end__ = _ebss

._user_heap_stack
                0x0000000020012e18      0x600
                0x0000000020012e18                . = ALIGN (0x8)
                0x0000000020012e18                PROVIDE (end = .)
                [!provide]                        PROVIDE (_end = .)
                0x0000000020013018                . = (. + _Min_Heap_Size)
 *fill*         0x0000000020012e18      0x200 
                0x0000000020013418                . = (. + _Min_Stack_Size)
 *fill*         0x0000000020013018      0x400 
                0x0000000020013418                . = ALIGN (0x8)

/DISCARD/
 libc.a(*)
 libm.a(*)
 libgcc.a(*)

.ARM.attributes
                0x0000000000000000       0x30
 *(.ARM.attributes)
 .ARM.attributes
                0x0000000000000000       0x1e D:/ST/STM32CubeIDE_1.9.0/STM32CubeIDE/plugins/com.st.stm32cube.ide.mcu.externaltools.gnu-tools-for-stm32.11.3.rel1.win32_1.1.0.202305231506/tools/bin/../lib/gcc/arm-none-eabi/11.3.1/thumb/v7e-m+fp/hard/crti.o
 .ARM.attributes
                0x000000000000001e       0x34 D:/ST/STM32CubeIDE_1.9.0/STM32CubeIDE/plugins/com.st.stm32cube.ide.mcu.externaltools.gnu-tools-for-stm32.11.3.rel1.win32_1.1.0.202305231506/tools/bin/../lib/gcc/arm-none-eabi/11.3.1/thumb/v7e-m+fp/hard/crtbegin.o
 .ARM.attributes
                0x0000000000000052       0x34 ./Core/Src/main.o
 .ARM.attributes
                0x0000000000000086       0x34 ./Core/Src/stm32f4xx_hal_msp.o
 .ARM.attributes
                0x00000000000000ba       0x34 ./Core/Src/stm32f4xx_hal_timebase_tim.o
 .ARM.attributes
                0x00000000000000ee       0x34 ./Core/Src/stm32f4xx_it.o
 .ARM.attributes
                0x0000000000000122       0x34 ./Core/Src/system_stm32f4xx.o
 .ARM.attributes
                0x0000000000000156       0x21 ./Core/Startup/startup_stm32f429zitx.o
 .ARM.attributes
                0x0000000000000177       0x34 ./Drivers/STM32F4xx_HAL_Driver/Src/stm32f4xx_hal.o
 .ARM.attributes
                0x00000000000001ab       0x34 ./Drivers/STM32F4xx_HAL_Driver/Src/stm32f4xx_hal_cortex.o
 .ARM.attributes
                0x00000000000001df       0x34 ./Drivers/STM32F4xx_HAL_Driver/Src/stm32f4xx_hal_dma.o
 .ARM.attributes
                0x0000000000000213       0x34 ./Drivers/STM32F4xx_HAL_Driver/Src/stm32f4xx_hal_gpio.o
 .ARM.attributes
                0x0000000000000247       0x34 ./Drivers/STM32F4xx_HAL_Driver/Src/stm32f4xx_hal_rcc.o
 .ARM.attributes
                0x000000000000027b       0x34 ./Drivers/STM32F4xx_HAL_Driver/Src/stm32f4xx_hal_rcc_ex.o
 .ARM.attributes
                0x00000000000002af       0x34 ./Drivers/STM32F4xx_HAL_Driver/Src/stm32f4xx_hal_rtc.o
 .ARM.attributes
                0x00000000000002e3       0x34 ./Drivers/STM32F4xx_HAL_Driver/Src/stm32f4xx_hal_tim.o
 .ARM.attributes
                0x0000000000000317       0x34 ./Drivers/STM32F4xx_HAL_Driver/Src/stm32f4xx_hal_tim_ex.o
 .ARM.attributes
                0x000000000000034b       0x34 ./Drivers/STM32F4xx_HAL_Driver/Src/stm32f4xx_hal_uart.o
 .ARM.attributes
                0x000000000000037f       0x34 ./ThirdParty/MemMang/heap_4.o
 .ARM.attributes
                0x00000000000003b3       0x34 ./ThirdParty/list.o
 .ARM.attributes
                0x00000000000003e7       0x34 ./ThirdParty/queue.o
 .ARM.attributes
                0x000000000000041b       0x34 ./ThirdParty/tasks.o
 .ARM.attributes
                0x000000000000044f       0x34 ./ThirdParty/portable/GCC/ARM_CM4F/port.o
 .ARM.attributes
                0x0000000000000483       0x34 D:/ST/STM32CubeIDE_1.9.0/STM32CubeIDE/plugins/com.st.stm32cube.ide.mcu.externaltools.gnu-tools-for-stm32.11.3.rel1.win32_1.1.0.202305231506/tools/bin/../lib/gcc/arm-none-eabi/11.3.1/../../../../arm-none-eabi/lib/thumb/v7e-m+fp/hard\libc_nano.a(libc_a-memset.o)
 .ARM.attributes
                0x00000000000004b7       0x34 D:/ST/STM32CubeIDE_1.9.0/STM32CubeIDE/plugins/com.st.stm32cube.ide.mcu.externaltools.gnu-tools-for-stm32.11.3.rel1.win32_1.1.0.202305231506/tools/bin/../lib/gcc/arm-none-eabi/11.3.1/../../../../arm-none-eabi/lib/thumb/v7e-m+fp/hard\libc_nano.a(libc_a-init.o)
 .ARM.attributes
                0x00000000000004eb       0x1e D:/ST/STM32CubeIDE_1.9.0/STM32CubeIDE/plugins/com.st.stm32cube.ide.mcu.externaltools.gnu-tools-for-stm32.11.3.rel1.win32_1.1.0.202305231506/tools/bin/../lib/gcc/arm-none-eabi/11.3.1/thumb/v7e-m+fp/hard\libgcc.a(_aeabi_uldivmod.o)
 .ARM.attributes
                0x0000000000000509       0x34 D:/ST/STM32CubeIDE_1.9.0/STM32CubeIDE/plugins/com.st.stm32cube.ide.mcu.externaltools.gnu-tools-for-stm32.11.3.rel1.win32_1.1.0.202305231506/tools/bin/../lib/gcc/arm-none-eabi/11.3.1/thumb/v7e-m+fp/hard\libgcc.a(_udivmoddi4.o)
 .ARM.attributes
                0x000000000000053d       0x1e D:/ST/STM32CubeIDE_1.9.0/STM32CubeIDE/plugins/com.st.stm32cube.ide.mcu.externaltools.gnu-tools-for-stm32.11.3.rel1.win32_1.1.0.202305231506/tools/bin/../lib/gcc/arm-none-eabi/11.3.1/thumb/v7e-m+fp/hard\libgcc.a(_dvmd_tls.o)
 .ARM.attributes
                0x000000000000055b       0x1e D:/ST/STM32CubeIDE_1.9.0/STM32CubeIDE/plugins/com.st.stm32cube.ide.mcu.externaltools.gnu-tools-for-stm32.11.3.rel1.win32_1.1.0.202305231506/tools/bin/../lib/gcc/arm-none-eabi/11.3.1/thumb/v7e-m+fp/hard/crtn.o
OUTPUT(Menu_based_app.elf elf32-littlearm)
LOAD linker stubs
LOAD D:/ST/STM32CubeIDE_1.9.0/STM32CubeIDE/plugins/com.st.stm32cube.ide.mcu.externaltools.gnu-tools-for-stm32.11.3.rel1.win32_1.1.0.202305231506/tools/bin/../lib/gcc/arm-none-eabi/11.3.1/../../../../arm-none-eabi/lib/thumb/v7e-m+fp/hard\libc.a
LOAD D:/ST/STM32CubeIDE_1.9.0/STM32CubeIDE/plugins/com.st.stm32cube.ide.mcu.externaltools.gnu-tools-for-stm32.11.3.rel1.win32_1.1.0.202305231506/tools/bin/../lib/gcc/arm-none-eabi/11.3.1/../../../../arm-none-eabi/lib/thumb/v7e-m+fp/hard\libm.a
LOAD D:/ST/STM32CubeIDE_1.9.0/STM32CubeIDE/plugins/com.st.stm32cube.ide.mcu.externaltools.gnu-tools-for-stm32.11.3.rel1.win32_1.1.0.202305231506/tools/bin/../lib/gcc/arm-none-eabi/11.3.1/thumb/v7e-m+fp/hard\libgcc.a

.comment        0x0000000000000000       0x43
 .comment       0x0000000000000000       0x43 D:/ST/STM32CubeIDE_1.9.0/STM32CubeIDE/plugins/com.st.stm32cube.ide.mcu.externaltools.gnu-tools-for-stm32.11.3.rel1.win32_1.1.0.202305231506/tools/bin/../lib/gcc/arm-none-eabi/11.3.1/thumb/v7e-m+fp/hard/crtbegin.o
                                         0x44 (size before relaxing)
 .comment       0x0000000000000043       0x44 ./Core/Src/main.o
 .comment       0x0000000000000043       0x44 ./Core/Src/stm32f4xx_hal_msp.o
 .comment       0x0000000000000043       0x44 ./Core/Src/stm32f4xx_hal_timebase_tim.o
 .comment       0x0000000000000043       0x44 ./Core/Src/stm32f4xx_it.o
 .comment       0x0000000000000043       0x44 ./Core/Src/system_stm32f4xx.o
 .comment       0x0000000000000043       0x44 ./Drivers/STM32F4xx_HAL_Driver/Src/stm32f4xx_hal.o
 .comment       0x0000000000000043       0x44 ./Drivers/STM32F4xx_HAL_Driver/Src/stm32f4xx_hal_cortex.o
 .comment       0x0000000000000043       0x44 ./Drivers/STM32F4xx_HAL_Driver/Src/stm32f4xx_hal_dma.o
 .comment       0x0000000000000043       0x44 ./Drivers/STM32F4xx_HAL_Driver/Src/stm32f4xx_hal_gpio.o
 .comment       0x0000000000000043       0x44 ./Drivers/STM32F4xx_HAL_Driver/Src/stm32f4xx_hal_rcc.o
 .comment       0x0000000000000043       0x44 ./Drivers/STM32F4xx_HAL_Driver/Src/stm32f4xx_hal_rcc_ex.o
 .comment       0x0000000000000043       0x44 ./Drivers/STM32F4xx_HAL_Driver/Src/stm32f4xx_hal_rtc.o
 .comment       0x0000000000000043       0x44 ./Drivers/STM32F4xx_HAL_Driver/Src/stm32f4xx_hal_tim.o
 .comment       0x0000000000000043       0x44 ./Drivers/STM32F4xx_HAL_Driver/Src/stm32f4xx_hal_tim_ex.o
 .comment       0x0000000000000043       0x44 ./Drivers/STM32F4xx_HAL_Driver/Src/stm32f4xx_hal_uart.o
 .comment       0x0000000000000043       0x44 ./ThirdParty/MemMang/heap_4.o
 .comment       0x0000000000000043       0x44 ./ThirdParty/list.o
 .comment       0x0000000000000043       0x44 ./ThirdParty/queue.o
 .comment       0x0000000000000043       0x44 ./ThirdParty/tasks.o
 .comment       0x0000000000000043       0x44 ./ThirdParty/portable/GCC/ARM_CM4F/port.o

.debug_info     0x0000000000000000    0x135c7
 .debug_info    0x0000000000000000     0x1587 ./Core/Src/main.o
 .debug_info    0x0000000000001587     0x10d9 ./Core/Src/stm32f4xx_hal_msp.o
 .debug_info    0x0000000000002660      0xc40 ./Core/Src/stm32f4xx_hal_timebase_tim.o
 .debug_info    0x00000000000032a0      0x935 ./Core/Src/stm32f4xx_it.o
 .debug_info    0x0000000000003bd5      0x52e ./Core/Src/system_stm32f4xx.o
 .debug_info    0x0000000000004103       0x23 ./Core/Startup/startup_stm32f429zitx.o
 .debug_info    0x0000000000004126      0x9be ./Drivers/STM32F4xx_HAL_Driver/Src/stm32f4xx_hal.o
 .debug_info    0x0000000000004ae4      0xd7c ./Drivers/STM32F4xx_HAL_Driver/Src/stm32f4xx_hal_cortex.o
 .debug_info    0x0000000000005860      0x8e7 ./Drivers/STM32F4xx_HAL_Driver/Src/stm32f4xx_hal_dma.o
 .debug_info    0x0000000000006147      0x6db ./Drivers/STM32F4xx_HAL_Driver/Src/stm32f4xx_hal_gpio.o
 .debug_info    0x0000000000006822      0x8c9 ./Drivers/STM32F4xx_HAL_Driver/Src/stm32f4xx_hal_rcc.o
 .debug_info    0x00000000000070eb      0x651 ./Drivers/STM32F4xx_HAL_Driver/Src/stm32f4xx_hal_rcc_ex.o
 .debug_info    0x000000000000773c      0xc21 ./Drivers/STM32F4xx_HAL_Driver/Src/stm32f4xx_hal_rtc.o
 .debug_info    0x000000000000835d     0x2948 ./Drivers/STM32F4xx_HAL_Driver/Src/stm32f4xx_hal_tim.o
 .debug_info    0x000000000000aca5     0x14ae ./Drivers/STM32F4xx_HAL_Driver/Src/stm32f4xx_hal_tim_ex.o
 .debug_info    0x000000000000c153     0x2fb8 ./Drivers/STM32F4xx_HAL_Driver/Src/stm32f4xx_hal_uart.o
 .debug_info    0x000000000000f10b      0x4d5 ./ThirdParty/MemMang/heap_4.o
 .debug_info    0x000000000000f5e0      0x2af ./ThirdParty/list.o
 .debug_info    0x000000000000f88f     0x17d9 ./ThirdParty/queue.o
 .debug_info    0x0000000000011068     0x207e ./ThirdParty/tasks.o
 .debug_info    0x00000000000130e6      0x4e1 ./ThirdParty/portable/GCC/ARM_CM4F/port.o

.debug_abbrev   0x0000000000000000     0x2dda
 .debug_abbrev  0x0000000000000000      0x32f ./Core/Src/main.o
 .debug_abbrev  0x000000000000032f      0x20c ./Core/Src/stm32f4xx_hal_msp.o
 .debug_abbrev  0x000000000000053b      0x1f4 ./Core/Src/stm32f4xx_hal_timebase_tim.o
 .debug_abbrev  0x000000000000072f      0x189 ./Core/Src/stm32f4xx_it.o
 .debug_abbrev  0x00000000000008b8      0x11a ./Core/Src/system_stm32f4xx.o
 .debug_abbrev  0x00000000000009d2       0x12 ./Core/Startup/startup_stm32f429zitx.o
 .debug_abbrev  0x00000000000009e4      0x213 ./Drivers/STM32F4xx_HAL_Driver/Src/stm32f4xx_hal.o
 .debug_abbrev  0x0000000000000bf7      0x327 ./Drivers/STM32F4xx_HAL_Driver/Src/stm32f4xx_hal_cortex.o
 .debug_abbrev  0x0000000000000f1e      0x264 ./Drivers/STM32F4xx_HAL_Driver/Src/stm32f4xx_hal_dma.o
 .debug_abbrev  0x0000000000001182      0x1d4 ./Drivers/STM32F4xx_HAL_Driver/Src/stm32f4xx_hal_gpio.o
 .debug_abbrev  0x0000000000001356      0x2b6 ./Drivers/STM32F4xx_HAL_Driver/Src/stm32f4xx_hal_rcc.o
 .debug_abbrev  0x000000000000160c      0x1af ./Drivers/STM32F4xx_HAL_Driver/Src/stm32f4xx_hal_rcc_ex.o
 .debug_abbrev  0x00000000000017bb      0x1ff ./Drivers/STM32F4xx_HAL_Driver/Src/stm32f4xx_hal_rtc.o
 .debug_abbrev  0x00000000000019ba      0x271 ./Drivers/STM32F4xx_HAL_Driver/Src/stm32f4xx_hal_tim.o
 .debug_abbrev  0x0000000000001c2b      0x27c ./Drivers/STM32F4xx_HAL_Driver/Src/stm32f4xx_hal_tim_ex.o
 .debug_abbrev  0x0000000000001ea7      0x30e ./Drivers/STM32F4xx_HAL_Driver/Src/stm32f4xx_hal_uart.o
 .debug_abbrev  0x00000000000021b5      0x21e ./ThirdParty/MemMang/heap_4.o
 .debug_abbrev  0x00000000000023d3       0xf5 ./ThirdParty/list.o
 .debug_abbrev  0x00000000000024c8      0x323 ./ThirdParty/queue.o
 .debug_abbrev  0x00000000000027eb      0x395 ./ThirdParty/tasks.o
 .debug_abbrev  0x0000000000002b80      0x25a ./ThirdParty/portable/GCC/ARM_CM4F/port.o

.debug_aranges  0x0000000000000000     0x11a8
 .debug_aranges
                0x0000000000000000       0x50 ./Core/Src/main.o
 .debug_aranges
                0x0000000000000050       0x40 ./Core/Src/stm32f4xx_hal_msp.o
 .debug_aranges
                0x0000000000000090       0x30 ./Core/Src/stm32f4xx_hal_timebase_tim.o
 .debug_aranges
                0x00000000000000c0       0x58 ./Core/Src/stm32f4xx_it.o
 .debug_aranges
                0x0000000000000118       0x28 ./Core/Src/system_stm32f4xx.o
 .debug_aranges
                0x0000000000000140       0x28 ./Core/Startup/startup_stm32f429zitx.o
 .debug_aranges
                0x0000000000000168      0x100 ./Drivers/STM32F4xx_HAL_Driver/Src/stm32f4xx_hal.o
 .debug_aranges
                0x0000000000000268      0x118 ./Drivers/STM32F4xx_HAL_Driver/Src/stm32f4xx_hal_cortex.o
 .debug_aranges
                0x0000000000000380       0x90 ./Drivers/STM32F4xx_HAL_Driver/Src/stm32f4xx_hal_dma.o
 .debug_aranges
                0x0000000000000410       0x58 ./Drivers/STM32F4xx_HAL_Driver/Src/stm32f4xx_hal_gpio.o
 .debug_aranges
                0x0000000000000468       0x88 ./Drivers/STM32F4xx_HAL_Driver/Src/stm32f4xx_hal_rcc.o
 .debug_aranges
                0x00000000000004f0       0x58 ./Drivers/STM32F4xx_HAL_Driver/Src/stm32f4xx_hal_rcc_ex.o
 .debug_aranges
                0x0000000000000548       0xe8 ./Drivers/STM32F4xx_HAL_Driver/Src/stm32f4xx_hal_rtc.o
 .debug_aranges
                0x0000000000000630      0x3d0 ./Drivers/STM32F4xx_HAL_Driver/Src/stm32f4xx_hal_tim.o
 .debug_aranges
                0x0000000000000a00      0x168 ./Drivers/STM32F4xx_HAL_Driver/Src/stm32f4xx_hal_tim_ex.o
 .debug_aranges
                0x0000000000000b68      0x200 ./Drivers/STM32F4xx_HAL_Driver/Src/stm32f4xx_hal_uart.o
 .debug_aranges
                0x0000000000000d68       0x58 ./ThirdParty/MemMang/heap_4.o
 .debug_aranges
                0x0000000000000dc0       0x40 ./ThirdParty/list.o
 .debug_aranges
                0x0000000000000e00      0x130 ./ThirdParty/queue.o
 .debug_aranges
                0x0000000000000f30      0x1f8 ./ThirdParty/tasks.o
 .debug_aranges
                0x0000000000001128       0x80 ./ThirdParty/portable/GCC/ARM_CM4F/port.o

.debug_rnglists
                0x0000000000000000      0xdc9
 .debug_rnglists
                0x0000000000000000       0x3a ./Core/Src/main.o
 .debug_rnglists
                0x000000000000003a       0x2c ./Core/Src/stm32f4xx_hal_msp.o
 .debug_rnglists
                0x0000000000000066       0x20 ./Core/Src/stm32f4xx_hal_timebase_tim.o
 .debug_rnglists
                0x0000000000000086       0x3d ./Core/Src/stm32f4xx_it.o
 .debug_rnglists
                0x00000000000000c3       0x1a ./Core/Src/system_stm32f4xx.o
 .debug_rnglists
                0x00000000000000dd       0x19 ./Core/Startup/startup_stm32f429zitx.o
 .debug_rnglists
                0x00000000000000f6       0xbb ./Drivers/STM32F4xx_HAL_Driver/Src/stm32f4xx_hal.o
 .debug_rnglists
                0x00000000000001b1       0xce ./Drivers/STM32F4xx_HAL_Driver/Src/stm32f4xx_hal_cortex.o
 .debug_rnglists
                0x000000000000027f       0x70 ./Drivers/STM32F4xx_HAL_Driver/Src/stm32f4xx_hal_dma.o
 .debug_rnglists
                0x00000000000002ef       0x3f ./Drivers/STM32F4xx_HAL_Driver/Src/stm32f4xx_hal_gpio.o
 .debug_rnglists
                0x000000000000032e       0x66 ./Drivers/STM32F4xx_HAL_Driver/Src/stm32f4xx_hal_rcc.o
 .debug_rnglists
                0x0000000000000394       0x43 ./Drivers/STM32F4xx_HAL_Driver/Src/stm32f4xx_hal_rcc_ex.o
 .debug_rnglists
                0x00000000000003d7       0xb4 ./Drivers/STM32F4xx_HAL_Driver/Src/stm32f4xx_hal_rtc.o
 .debug_rnglists
                0x000000000000048b      0x31a ./Drivers/STM32F4xx_HAL_Driver/Src/stm32f4xx_hal_tim.o
 .debug_rnglists
                0x00000000000007a5      0x125 ./Drivers/STM32F4xx_HAL_Driver/Src/stm32f4xx_hal_tim_ex.o
 .debug_rnglists
                0x00000000000008ca      0x1b7 ./Drivers/STM32F4xx_HAL_Driver/Src/stm32f4xx_hal_uart.o
 .debug_rnglists
                0x0000000000000a81       0x42 ./ThirdParty/MemMang/heap_4.o
 .debug_rnglists
                0x0000000000000ac3       0x2b ./ThirdParty/list.o
 .debug_rnglists
                0x0000000000000aee       0xeb ./ThirdParty/queue.o
 .debug_rnglists
                0x0000000000000bd9      0x193 ./ThirdParty/tasks.o
 .debug_rnglists
                0x0000000000000d6c       0x5d ./ThirdParty/portable/GCC/ARM_CM4F/port.o

.debug_macro    0x0000000000000000    0x249e4
 .debug_macro   0x0000000000000000      0x271 ./Core/Src/main.o
 .debug_macro   0x0000000000000271      0x2a1 ./Core/Src/main.o
 .debug_macro   0x0000000000000512       0x2e ./Core/Src/main.o
 .debug_macro   0x0000000000000540       0x28 ./Core/Src/main.o
 .debug_macro   0x0000000000000568       0x22 ./Core/Src/main.o
 .debug_macro   0x000000000000058a       0x8e ./Core/Src/main.o
 .debug_macro   0x0000000000000618       0x51 ./Core/Src/main.o
 .debug_macro   0x0000000000000669      0x103 ./Core/Src/main.o
 .debug_macro   0x000000000000076c       0x6a ./Core/Src/main.o
 .debug_macro   0x00000000000007d6      0x1df ./Core/Src/main.o
 .debug_macro   0x00000000000009b5       0x1c ./Core/Src/main.o
 .debug_macro   0x00000000000009d1       0x22 ./Core/Src/main.o
 .debug_macro   0x00000000000009f3       0xd9 ./Core/Src/main.o
 .debug_macro   0x0000000000000acc     0x102d ./Core/Src/main.o
 .debug_macro   0x0000000000001af9      0x11f ./Core/Src/main.o
 .debug_macro   0x0000000000001c18    0x17fc0 ./Core/Src/main.o
 .debug_macro   0x0000000000019bd8       0x6d ./Core/Src/main.o
 .debug_macro   0x0000000000019c45     0x36f5 ./Core/Src/main.o
 .debug_macro   0x000000000001d33a      0x174 ./Core/Src/main.o
 .debug_macro   0x000000000001d4ae       0x5c ./Core/Src/main.o
 .debug_macro   0x000000000001d50a      0xca5 ./Core/Src/main.o
 .debug_macro   0x000000000001e1af      0x9fe ./Core/Src/main.o
 .debug_macro   0x000000000001ebad      0x115 ./Core/Src/main.o
 .debug_macro   0x000000000001ecc2      0x156 ./Core/Src/main.o
 .debug_macro   0x000000000001ee18       0xa5 ./Core/Src/main.o
 .debug_macro   0x000000000001eebd      0x182 ./Core/Src/main.o
 .debug_macro   0x000000000001f03f      0x287 ./Core/Src/main.o
 .debug_macro   0x000000000001f2c6       0x5f ./Core/Src/main.o
 .debug_macro   0x000000000001f325      0x236 ./Core/Src/main.o
 .debug_macro   0x000000000001f55b      0x132 ./Core/Src/main.o
 .debug_macro   0x000000000001f68d      0x41d ./Core/Src/main.o
 .debug_macro   0x000000000001faaa       0x2e ./Core/Src/main.o
 .debug_macro   0x000000000001fad8      0x11a ./Core/Src/main.o
 .debug_macro   0x000000000001fbf2       0xe2 ./Core/Src/main.o
 .debug_macro   0x000000000001fcd4       0x89 ./Core/Src/main.o
 .debug_macro   0x000000000001fd5d      0x305 ./Core/Src/main.o
 .debug_macro   0x0000000000020062      0x452 ./Core/Src/main.o
 .debug_macro   0x00000000000204b4       0xe4 ./Core/Src/main.o
 .debug_macro   0x0000000000020598      0x8e6 ./Core/Src/main.o
 .debug_macro   0x0000000000020e7e       0x47 ./Core/Src/main.o
 .debug_macro   0x0000000000020ec5      0x295 ./Core/Src/main.o
 .debug_macro   0x000000000002115a      0x134 ./Core/Src/main.o
 .debug_macro   0x000000000002128e      0x4c8 ./Core/Src/main.o
 .debug_macro   0x0000000000021756      0x106 ./Core/Src/main.o
 .debug_macro   0x000000000002185c      0x15a ./Core/Src/main.o
 .debug_macro   0x00000000000219b6       0xea ./Core/Src/main.o
 .debug_macro   0x0000000000021aa0       0x1c ./Core/Src/main.o
 .debug_macro   0x0000000000021abc       0x26 ./Core/Src/main.o
 .debug_macro   0x0000000000021ae2      0x4fd ./Core/Src/main.o
 .debug_macro   0x0000000000021fdf       0xb5 ./Core/Src/main.o
 .debug_macro   0x0000000000022094      0x120 ./Core/Src/main.o
 .debug_macro   0x00000000000221b4       0x80 ./Core/Src/main.o
 .debug_macro   0x0000000000022234      0x1f6 ./Core/Src/stm32f4xx_hal_msp.o
 .debug_macro   0x000000000002242a      0x1e7 ./Core/Src/stm32f4xx_hal_timebase_tim.o
 .debug_macro   0x0000000000022611      0x200 ./Core/Src/stm32f4xx_it.o
 .debug_macro   0x0000000000022811      0x1e7 ./Core/Src/system_stm32f4xx.o
 .debug_macro   0x00000000000229f8      0x247 ./Drivers/STM32F4xx_HAL_Driver/Src/stm32f4xx_hal.o
 .debug_macro   0x0000000000022c3f      0x1e7 ./Drivers/STM32F4xx_HAL_Driver/Src/stm32f4xx_hal_cortex.o
 .debug_macro   0x0000000000022e26      0x1ed ./Drivers/STM32F4xx_HAL_Driver/Src/stm32f4xx_hal_dma.o
 .debug_macro   0x0000000000023013      0x1ed ./Drivers/STM32F4xx_HAL_Driver/Src/stm32f4xx_hal_gpio.o
 .debug_macro   0x0000000000023200      0x20b ./Drivers/STM32F4xx_HAL_Driver/Src/stm32f4xx_hal_rcc.o
 .debug_macro   0x000000000002340b      0x1e7 ./Drivers/STM32F4xx_HAL_Driver/Src/stm32f4xx_hal_rcc_ex.o
 .debug_macro   0x00000000000235f2      0x1e8 ./Drivers/STM32F4xx_HAL_Driver/Src/stm32f4xx_hal_rtc.o
 .debug_macro   0x00000000000237da      0x1e8 ./Drivers/STM32F4xx_HAL_Driver/Src/stm32f4xx_hal_tim.o
 .debug_macro   0x00000000000239c2      0x1e7 ./Drivers/STM32F4xx_HAL_Driver/Src/stm32f4xx_hal_tim_ex.o
 .debug_macro   0x0000000000023ba9      0x1e8 ./Drivers/STM32F4xx_HAL_Driver/Src/stm32f4xx_hal_uart.o
 .debug_macro   0x0000000000023d91      0x1ae ./ThirdParty/MemMang/heap_4.o
 .debug_macro   0x0000000000023f3f      0x10e ./ThirdParty/MemMang/heap_4.o
 .debug_macro   0x000000000002404d       0x8d ./ThirdParty/MemMang/heap_4.o
 .debug_macro   0x00000000000240da      0x106 ./ThirdParty/MemMang/heap_4.o
 .debug_macro   0x00000000000241e0      0x193 ./ThirdParty/list.o
 .debug_macro   0x0000000000024373      0x21c ./ThirdParty/queue.o
 .debug_macro   0x000000000002458f       0x16 ./ThirdParty/queue.o
 .debug_macro   0x00000000000245a5       0x20 ./ThirdParty/queue.o
 .debug_macro   0x00000000000245c5      0x279 ./ThirdParty/tasks.o
 .debug_macro   0x000000000002483e       0x10 ./ThirdParty/tasks.o
 .debug_macro   0x000000000002484e      0x196 ./ThirdParty/portable/GCC/ARM_CM4F/port.o

.debug_line     0x0000000000000000    0x15414
 .debug_line    0x0000000000000000      0xbe8 ./Core/Src/main.o
 .debug_line    0x0000000000000be8      0x810 ./Core/Src/stm32f4xx_hal_msp.o
 .debug_line    0x00000000000013f8      0x7ef ./Core/Src/stm32f4xx_hal_timebase_tim.o
 .debug_line    0x0000000000001be7      0x828 ./Core/Src/stm32f4xx_it.o
 .debug_line    0x000000000000240f      0x7f5 ./Core/Src/system_stm32f4xx.o
 .debug_line    0x0000000000002c04       0x7a ./Core/Startup/startup_stm32f429zitx.o
 .debug_line    0x0000000000002c7e      0xa91 ./Drivers/STM32F4xx_HAL_Driver/Src/stm32f4xx_hal.o
 .debug_line    0x000000000000370f      0xd0a ./Drivers/STM32F4xx_HAL_Driver/Src/stm32f4xx_hal_cortex.o
 .debug_line    0x0000000000004419      0xfbf ./Drivers/STM32F4xx_HAL_Driver/Src/stm32f4xx_hal_dma.o
 .debug_line    0x00000000000053d8      0xbf7 ./Drivers/STM32F4xx_HAL_Driver/Src/stm32f4xx_hal_gpio.o
 .debug_line    0x0000000000005fcf      0xdd4 ./Drivers/STM32F4xx_HAL_Driver/Src/stm32f4xx_hal_rcc.o
 .debug_line    0x0000000000006da3      0xc2c ./Drivers/STM32F4xx_HAL_Driver/Src/stm32f4xx_hal_rcc_ex.o
 .debug_line    0x00000000000079cf     0x1130 ./Drivers/STM32F4xx_HAL_Driver/Src/stm32f4xx_hal_rtc.o
 .debug_line    0x0000000000008aff     0x3747 ./Drivers/STM32F4xx_HAL_Driver/Src/stm32f4xx_hal_tim.o
 .debug_line    0x000000000000c246     0x1a58 ./Drivers/STM32F4xx_HAL_Driver/Src/stm32f4xx_hal_tim_ex.o
 .debug_line    0x000000000000dc9e     0x2afd ./Drivers/STM32F4xx_HAL_Driver/Src/stm32f4xx_hal_uart.o
 .debug_line    0x000000000001079b      0x9b5 ./ThirdParty/MemMang/heap_4.o
 .debug_line    0x0000000000011150      0x776 ./ThirdParty/list.o
 .debug_line    0x00000000000118c6     0x161f ./ThirdParty/queue.o
 .debug_line    0x0000000000012ee5     0x1cdd ./ThirdParty/tasks.o
 .debug_line    0x0000000000014bc2      0x852 ./ThirdParty/portable/GCC/ARM_CM4F/port.o

.debug_str      0x0000000000000000    0xe8646
 .debug_str     0x0000000000000000    0xdec3b ./Core/Src/main.o
                                      0xdefc7 (size before relaxing)
 .debug_str     0x00000000000dec3b      0x701 ./Core/Src/stm32f4xx_hal_msp.o
                                      0xd9e33 (size before relaxing)
 .debug_str     0x00000000000df33c      0x107 ./Core/Src/stm32f4xx_hal_timebase_tim.o
                                      0xd8d23 (size before relaxing)
 .debug_str     0x00000000000df443       0xdf ./Core/Src/stm32f4xx_it.o
                                      0xd9719 (size before relaxing)
 .debug_str     0x00000000000df522       0xdb ./Core/Src/system_stm32f4xx.o
                                      0xd81c8 (size before relaxing)
 .debug_str     0x00000000000df5fd       0x34 ./Core/Startup/startup_stm32f429zitx.o
                                         0x64 (size before relaxing)
 .debug_str     0x00000000000df631      0x60e ./Drivers/STM32F4xx_HAL_Driver/Src/stm32f4xx_hal.o
                                      0xd8deb (size before relaxing)
 .debug_str     0x00000000000dfc3f      0x321 ./Drivers/STM32F4xx_HAL_Driver/Src/stm32f4xx_hal_cortex.o
                                      0xd8ad0 (size before relaxing)
 .debug_str     0x00000000000dff60      0x323 ./Drivers/STM32F4xx_HAL_Driver/Src/stm32f4xx_hal_dma.o
                                      0xd85cf (size before relaxing)
 .debug_str     0x00000000000e0283      0x121 ./Drivers/STM32F4xx_HAL_Driver/Src/stm32f4xx_hal_gpio.o
                                      0xd8343 (size before relaxing)
 .debug_str     0x00000000000e03a4      0x1fd ./Drivers/STM32F4xx_HAL_Driver/Src/stm32f4xx_hal_rcc.o
                                      0xd85fc (size before relaxing)
 .debug_str     0x00000000000e05a1      0x133 ./Drivers/STM32F4xx_HAL_Driver/Src/stm32f4xx_hal_rcc_ex.o
                                      0xd83c3 (size before relaxing)
 .debug_str     0x00000000000e06d4      0x332 ./Drivers/STM32F4xx_HAL_Driver/Src/stm32f4xx_hal_rtc.o
                                      0xd861f (size before relaxing)
 .debug_str     0x00000000000e0a06      0xe3c ./Drivers/STM32F4xx_HAL_Driver/Src/stm32f4xx_hal_tim.o
                                      0xd952f (size before relaxing)
 .debug_str     0x00000000000e1842      0x503 ./Drivers/STM32F4xx_HAL_Driver/Src/stm32f4xx_hal_tim_ex.o
                                      0xd8d4b (size before relaxing)
 .debug_str     0x00000000000e1d45      0x5e9 ./Drivers/STM32F4xx_HAL_Driver/Src/stm32f4xx_hal_uart.o
                                      0xd8b88 (size before relaxing)
 .debug_str     0x00000000000e232e     0x3575 ./ThirdParty/MemMang/heap_4.o
                                       0xc11e (size before relaxing)
 .debug_str     0x00000000000e58a3      0x114 ./ThirdParty/list.o
                                       0xac5e (size before relaxing)
 .debug_str     0x00000000000e59b7      0xa5a ./ThirdParty/queue.o
                                       0xd0e9 (size before relaxing)
 .debug_str     0x00000000000e6411     0x1ad7 ./ThirdParty/tasks.o
                                       0xdd52 (size before relaxing)
 .debug_str     0x00000000000e7ee8      0x75e ./ThirdParty/portable/GCC/ARM_CM4F/port.o
                                       0x9422 (size before relaxing)

.debug_frame    0x0000000000000000     0x49bc
 .debug_frame   0x0000000000000000       0xf0 ./Core/Src/main.o
 .debug_frame   0x00000000000000f0       0xcc ./Core/Src/stm32f4xx_hal_msp.o
 .debug_frame   0x00000000000001bc       0x74 ./Core/Src/stm32f4xx_hal_timebase_tim.o
 .debug_frame   0x0000000000000230       0xe0 ./Core/Src/stm32f4xx_it.o
 .debug_frame   0x0000000000000310       0x58 ./Core/Src/system_stm32f4xx.o
 .debug_frame   0x0000000000000368      0x3b4 ./Drivers/STM32F4xx_HAL_Driver/Src/stm32f4xx_hal.o
 .debug_frame   0x000000000000071c      0x498 ./Drivers/STM32F4xx_HAL_Driver/Src/stm32f4xx_hal_cortex.o
 .debug_frame   0x0000000000000bb4      0x250 ./Drivers/STM32F4xx_HAL_Driver/Src/stm32f4xx_hal_dma.o
 .debug_frame   0x0000000000000e04      0x14c ./Drivers/STM32F4xx_HAL_Driver/Src/stm32f4xx_hal_gpio.o
 .debug_frame   0x0000000000000f50      0x1f4 ./Drivers/STM32F4xx_HAL_Driver/Src/stm32f4xx_hal_rcc.o
 .debug_frame   0x0000000000001144      0x13c ./Drivers/STM32F4xx_HAL_Driver/Src/stm32f4xx_hal_rcc_ex.o
 .debug_frame   0x0000000000001280      0x3f4 ./Drivers/STM32F4xx_HAL_Driver/Src/stm32f4xx_hal_rtc.o
 .debug_frame   0x0000000000001674     0x11c4 ./Drivers/STM32F4xx_HAL_Driver/Src/stm32f4xx_hal_tim.o
 .debug_frame   0x0000000000002838      0x638 ./Drivers/STM32F4xx_HAL_Driver/Src/stm32f4xx_hal_tim_ex.o
 .debug_frame   0x0000000000002e70      0x92c ./Drivers/STM32F4xx_HAL_Driver/Src/stm32f4xx_hal_uart.o
 .debug_frame   0x000000000000379c      0x12c ./ThirdParty/MemMang/heap_4.o
 .debug_frame   0x00000000000038c8       0xd8 ./ThirdParty/list.o
 .debug_frame   0x00000000000039a0      0x534 ./ThirdParty/queue.o
 .debug_frame   0x0000000000003ed4      0x894 ./ThirdParty/tasks.o
 .debug_frame   0x0000000000004768      0x1a8 ./ThirdParty/portable/GCC/ARM_CM4F/port.o
 .debug_frame   0x0000000000004910       0x20 D:/ST/STM32CubeIDE_1.9.0/STM32CubeIDE/plugins/com.st.stm32cube.ide.mcu.externaltools.gnu-tools-for-stm32.11.3.rel1.win32_1.1.0.202305231506/tools/bin/../lib/gcc/arm-none-eabi/11.3.1/../../../../arm-none-eabi/lib/thumb/v7e-m+fp/hard\libc_nano.a(libc_a-memset.o)
 .debug_frame   0x0000000000004930       0x2c D:/ST/STM32CubeIDE_1.9.0/STM32CubeIDE/plugins/com.st.stm32cube.ide.mcu.externaltools.gnu-tools-for-stm32.11.3.rel1.win32_1.1.0.202305231506/tools/bin/../lib/gcc/arm-none-eabi/11.3.1/../../../../arm-none-eabi/lib/thumb/v7e-m+fp/hard\libc_nano.a(libc_a-init.o)
 .debug_frame   0x000000000000495c       0x2c D:/ST/STM32CubeIDE_1.9.0/STM32CubeIDE/plugins/com.st.stm32cube.ide.mcu.externaltools.gnu-tools-for-stm32.11.3.rel1.win32_1.1.0.202305231506/tools/bin/../lib/gcc/arm-none-eabi/11.3.1/thumb/v7e-m+fp/hard\libgcc.a(_aeabi_uldivmod.o)
 .debug_frame   0x0000000000004988       0x34 D:/ST/STM32CubeIDE_1.9.0/STM32CubeIDE/plugins/com.st.stm32cube.ide.mcu.externaltools.gnu-tools-for-stm32.11.3.rel1.win32_1.1.0.202305231506/tools/bin/../lib/gcc/arm-none-eabi/11.3.1/thumb/v7e-m+fp/hard\libgcc.a(_udivmoddi4.o)

.debug_line_str
                0x0000000000000000       0x58
 .debug_line_str
                0x0000000000000000       0x58 ./Core/Startup/startup_stm32f429zitx.o
                                         0x70 (size before relaxing)
