17:20:32 **** Incremental Build of configuration Debug for project UART_TX_RX_HAL ****
make -j8 all 
arm-none-eabi-gcc "../Core/Src/main.c" -mcpu=cortex-m4 -std=gnu11 -g3 -DDEBUG -DUSE_HAL_DRIVER -DSTM32F429xx -c -I../Core/Inc -I../Drivers/STM32F4xx_HAL_Driver/Inc -I../Drivers/STM32F4xx_HAL_Driver/Inc/Legacy -I../Drivers/CMSIS/Device/ST/STM32F4xx/Include -I../Drivers/CMSIS/Include -O0 -ffunction-sections -fdata-sections -Wall -fstack-usage -fcyclomatic-complexity -MMD -MP -MF"Core/Src/main.d" -MT"Core/Src/main.o" --specs=nano.specs -mfpu=fpv4-sp-d16 -mfloat-abi=hard -mthumb -o "Core/Src/main.o"
../Core/Src/main.c: In function 'main':
../Core/Src/main.c:104:25: warning: pointer targets in initialization of 'unsigned char *' from 'char *' differ in signedness [-Wpointer-sign]
  104 |                         "000000\n"
      |                         ^~~~~~~~~~
../Core/Src/main.c:104:25: note: (near initialization for 'numbers[0]')
../Core/Src/main.c:110:25: warning: pointer targets in initialization of 'unsigned char *' from 'char *' differ in signedness [-Wpointer-sign]
  110 |                         "1111\n"
      |                         ^~~~~~~~
../Core/Src/main.c:110:25: note: (near initialization for 'numbers[1]')
../Core/Src/main.c:116:25: warning: pointer targets in initialization of 'unsigned char *' from 'char *' differ in signedness [-Wpointer-sign]
  116 |                         "222222\n"
      |                         ^~~~~~~~~~
../Core/Src/main.c:116:25: note: (near initialization for 'numbers[2]')
../Core/Src/main.c:122:62: warning: pointer targets in passing argument 1 of 'strlen' differ in signedness [-Wpointer-sign]
  122 |         HAL_UART_Transmit(&huart1, numbers[0], strlen(numbers[0]), 100000);
      |                                                       ~~~~~~~^~~
      |                                                              |
      |                                                              unsigned char *
In file included from ../Core/Src/main.c:21:
D:\ST\STM32CubeIDE_1.9.0\STM32CubeIDE\plugins\com.st.stm32cube.ide.mcu.externaltools.gnu-tools-for-stm32.11.3.rel1.win32_1.1.0.202305231506\tools\bin/../lib/gcc/arm-none-eabi/11.3.1/../../../../arm-none-eabi/include/string.h:41:18: note: expected 'const char *' but argument is of type 'unsigned char *'
   41 | size_t   strlen (const char *);
      |                  ^~~~~~~~~~~~
../Core/Src/main.c:124:62: warning: pointer targets in passing argument 1 of 'strlen' differ in signedness [-Wpointer-sign]
  124 |         HAL_UART_Transmit(&huart1, numbers[1], strlen(numbers[1]), 100000);
      |                                                       ~~~~~~~^~~
      |                                                              |
      |                                                              unsigned char *
In file included from ../Core/Src/main.c:21:
D:\ST\STM32CubeIDE_1.9.0\STM32CubeIDE\plugins\com.st.stm32cube.ide.mcu.externaltools.gnu-tools-for-stm32.11.3.rel1.win32_1.1.0.202305231506\tools\bin/../lib/gcc/arm-none-eabi/11.3.1/../../../../arm-none-eabi/include/string.h:41:18: note: expected 'const char *' but argument is of type 'unsigned char *'
   41 | size_t   strlen (const char *);
      |                  ^~~~~~~~~~~~
../Core/Src/main.c:126:62: warning: pointer targets in passing argument 1 of 'strlen' differ in signedness [-Wpointer-sign]
  126 |         HAL_UART_Transmit(&huart1, numbers[2], strlen(numbers[2]), 100000);
      |                                                       ~~~~~~~^~~
      |                                                              |
      |                                                              unsigned char *
In file included from ../Core/Src/main.c:21:
D:\ST\STM32CubeIDE_1.9.0\STM32CubeIDE\plugins\com.st.stm32cube.ide.mcu.externaltools.gnu-tools-for-stm32.11.3.rel1.win32_1.1.0.202305231506\tools\bin/../lib/gcc/arm-none-eabi/11.3.1/../../../../arm-none-eabi/include/string.h:41:18: note: expected 'const char *' but argument is of type 'unsigned char *'
   41 | size_t   strlen (const char *);
      |                  ^~~~~~~~~~~~
arm-none-eabi-gcc -o "UART_TX_RX_HAL.elf" @"objects.list"   -mcpu=cortex-m4 -T"D:\Users\soumy\GitHub\RTOS\UART_TX_RX_HAL\STM32F429ZITX_FLASH.ld" --specs=nosys.specs -Wl,-Map="UART_TX_RX_HAL.map" -Wl,--gc-sections -static --specs=nano.specs -mfpu=fpv4-sp-d16 -mfloat-abi=hard -mthumb -Wl,--start-group -lc -lm -Wl,--end-group
Finished building target: UART_TX_RX_HAL.elf
 
arm-none-eabi-size   UART_TX_RX_HAL.elf 
arm-none-eabi-objdump -h -S  UART_TX_RX_HAL.elf  > "UART_TX_RX_HAL.list"
   text	   data	    bss	    dec	    hex	filename
  10960	     20	   1636	  12616	   3148	UART_TX_RX_HAL.elf
Finished building: default.size.stdout
 
Finished building: UART_TX_RX_HAL.list
 

17:20:37 Build Finished. 0 errors, 6 warnings. (took 4s.351ms)

